../Core/Src/rhdregisters.c:38:6:set_DigOut_low	0	static
../Core/Src/rhdregisters.c:46:6:set_DigOut_high	0	static
../Core/Src/rhdregisters.c:54:6:set_DigOut_hiZ	0	static
../Core/Src/rhdregisters.c:63:8:set_DSP_cutoff_freq	184	static
../Core/Src/rhdregisters.c:93:8:get_DSP_cutoff_freq	16	static
../Core/Src/rhdregisters.c:103:6:set_zcheck_scale	0	static
../Core/Src/rhdregisters.c:121:6:set_zcheck_polarity	0	static
../Core/Src/rhdregisters.c:128:5:set_zcheck_channel	0	static
../Core/Src/rhdregisters.c:140:6:set_amp_powered	0	static
../Core/Src/rhdregisters.c:149:6:power_up_all_amps	0	static
../Core/Src/rhdregisters.c:158:6:power_down_all_amps	0	static
../Core/Src/rhdregisters.c:287:8:rH1_from_upper_bandwidth	8	static
../Core/Src/rhdregisters.c:296:8:rH2_from_upper_bandwidth	8	static
../Core/Src/rhdregisters.c:305:8:rL_from_lower_bandwidth	16	static
../Core/Src/rhdregisters.c:319:8:upper_bandwidth_from_rH1	8	static
../Core/Src/rhdregisters.c:332:8:upper_bandwidth_from_rH2	8	static
../Core/Src/rhdregisters.c:168:8:set_upper_bandwidth	32	static
../Core/Src/rhdregisters.c:345:8:lower_bandwidth_from_rL	24	static
../Core/Src/rhdregisters.c:240:8:set_lower_bandwidth	16	static
../Core/Src/rhdregisters.c:369:5:max_num_channels_per_chip	0	static
../Core/Src/rhdregisters.c:504:6:set_biases_based_on_sample_rate	0	static
../Core/Src/rhdregisters.c:376:6:set_default_rhd_settings	16	static
../Core/Src/rhdregisters.c:541:10:get_register_value	0	static
../Core/Src/rhdregisters.c:661:10:convert_command	0	static
../Core/Src/rhdregisters.c:677:10:calibrate_command	0	static
../Core/Src/rhdregisters.c:689:10:clear_command	0	static
../Core/Src/rhdregisters.c:702:10:write_command	0	static
../Core/Src/rhdregisters.c:713:10:read_command	0	static
