../Core/Src/stm32h7xx_hal_msp.c:71:6:HAL_MspInit	8	static
../Core/Src/stm32h7xx_hal_msp.c:93:6:HAL_SPI_MspInit	80	static
../Core/Src/stm32h7xx_hal_msp.c:223:6:HAL_SPI_MspDeInit	8	static
../Core/Src/stm32h7xx_hal_msp.c:288:6:HAL_TIM_Base_MspInit	40	static
../Core/Src/stm32h7xx_hal_msp.c:334:6:HAL_TIM_OC_MspInit	16	static
../Core/Src/stm32h7xx_hal_msp.c:354:6:HAL_TIM_MspPostInit	40	static
../Core/Src/stm32h7xx_hal_msp.c:406:6:HAL_TIM_Base_MspDeInit	8	static
../Core/Src/stm32h7xx_hal_msp.c:448:6:HAL_TIM_OC_MspDeInit	0	static
../Core/Src/stm32h7xx_hal_msp.c:473:6:HAL_UART_MspInit	240	static
../Core/Src/stm32h7xx_hal_msp.c:551:6:HAL_UART_MspDeInit	8	static
