Archive member included to satisfy reference by file (symbol)

/Applications/STM32CubeIDE.app/Contents/Eclipse/plugins/com.st.stm32cube.ide.mcu.externaltools.gnu-tools-for-stm32.13.3.rel1.macos64_1.0.0.202411102158/tools/bin/../lib/gcc/arm-none-eabi/13.3.1/../../../../arm-none-eabi/lib/thumb/v7e-m+dp/hard/libc_nano.a(libc_a-exit.o)
                              /Applications/STM32CubeIDE.app/Contents/Eclipse/plugins/com.st.stm32cube.ide.mcu.externaltools.gnu-tools-for-stm32.13.3.rel1.macos64_1.0.0.202411102158/tools/bin/../lib/gcc/arm-none-eabi/13.3.1/../../../../arm-none-eabi/lib/thumb/v7e-m+dp/hard/crt0.o (exit)
/Applications/STM32CubeIDE.app/Contents/Eclipse/plugins/com.st.stm32cube.ide.mcu.externaltools.gnu-tools-for-stm32.13.3.rel1.macos64_1.0.0.202411102158/tools/bin/../lib/gcc/arm-none-eabi/13.3.1/../../../../arm-none-eabi/lib/thumb/v7e-m+dp/hard/libc_nano.a(libc_a-malloc.o)
                              ./Core/Src/rhdinterface.o (malloc)
/Applications/STM32CubeIDE.app/Contents/Eclipse/plugins/com.st.stm32cube.ide.mcu.externaltools.gnu-tools-for-stm32.13.3.rel1.macos64_1.0.0.202411102158/tools/bin/../lib/gcc/arm-none-eabi/13.3.1/../../../../arm-none-eabi/lib/thumb/v7e-m+dp/hard/libc_nano.a(libc_a-mallocr.o)
                              /Applications/STM32CubeIDE.app/Contents/Eclipse/plugins/com.st.stm32cube.ide.mcu.externaltools.gnu-tools-for-stm32.13.3.rel1.macos64_1.0.0.202411102158/tools/bin/../lib/gcc/arm-none-eabi/13.3.1/../../../../arm-none-eabi/lib/thumb/v7e-m+dp/hard/libc_nano.a(libc_a-malloc.o) (_malloc_r)
/Applications/STM32CubeIDE.app/Contents/Eclipse/plugins/com.st.stm32cube.ide.mcu.externaltools.gnu-tools-for-stm32.13.3.rel1.macos64_1.0.0.202411102158/tools/bin/../lib/gcc/arm-none-eabi/13.3.1/../../../../arm-none-eabi/lib/thumb/v7e-m+dp/hard/libc_nano.a(libc_a-mlock.o)
                              /Applications/STM32CubeIDE.app/Contents/Eclipse/plugins/com.st.stm32cube.ide.mcu.externaltools.gnu-tools-for-stm32.13.3.rel1.macos64_1.0.0.202411102158/tools/bin/../lib/gcc/arm-none-eabi/13.3.1/../../../../arm-none-eabi/lib/thumb/v7e-m+dp/hard/libc_nano.a(libc_a-mallocr.o) (__malloc_lock)
/Applications/STM32CubeIDE.app/Contents/Eclipse/plugins/com.st.stm32cube.ide.mcu.externaltools.gnu-tools-for-stm32.13.3.rel1.macos64_1.0.0.202411102158/tools/bin/../lib/gcc/arm-none-eabi/13.3.1/../../../../arm-none-eabi/lib/thumb/v7e-m+dp/hard/libc_nano.a(libc_a-findfp.o)
                              /Applications/STM32CubeIDE.app/Contents/Eclipse/plugins/com.st.stm32cube.ide.mcu.externaltools.gnu-tools-for-stm32.13.3.rel1.macos64_1.0.0.202411102158/tools/bin/../lib/gcc/arm-none-eabi/13.3.1/../../../../arm-none-eabi/lib/thumb/v7e-m+dp/hard/libc_nano.a(libc_a-exit.o) (__stdio_exit_handler)
/Applications/STM32CubeIDE.app/Contents/Eclipse/plugins/com.st.stm32cube.ide.mcu.externaltools.gnu-tools-for-stm32.13.3.rel1.macos64_1.0.0.202411102158/tools/bin/../lib/gcc/arm-none-eabi/13.3.1/../../../../arm-none-eabi/lib/thumb/v7e-m+dp/hard/libc_nano.a(libc_a-fwalk.o)
                              /Applications/STM32CubeIDE.app/Contents/Eclipse/plugins/com.st.stm32cube.ide.mcu.externaltools.gnu-tools-for-stm32.13.3.rel1.macos64_1.0.0.202411102158/tools/bin/../lib/gcc/arm-none-eabi/13.3.1/../../../../arm-none-eabi/lib/thumb/v7e-m+dp/hard/libc_nano.a(libc_a-findfp.o) (_fwalk_sglue)
/Applications/STM32CubeIDE.app/Contents/Eclipse/plugins/com.st.stm32cube.ide.mcu.externaltools.gnu-tools-for-stm32.13.3.rel1.macos64_1.0.0.202411102158/tools/bin/../lib/gcc/arm-none-eabi/13.3.1/../../../../arm-none-eabi/lib/thumb/v7e-m+dp/hard/libc_nano.a(libc_a-memset.o)
                              /Applications/STM32CubeIDE.app/Contents/Eclipse/plugins/com.st.stm32cube.ide.mcu.externaltools.gnu-tools-for-stm32.13.3.rel1.macos64_1.0.0.202411102158/tools/bin/../lib/gcc/arm-none-eabi/13.3.1/../../../../arm-none-eabi/lib/thumb/v7e-m+dp/hard/crt0.o (memset)
/Applications/STM32CubeIDE.app/Contents/Eclipse/plugins/com.st.stm32cube.ide.mcu.externaltools.gnu-tools-for-stm32.13.3.rel1.macos64_1.0.0.202411102158/tools/bin/../lib/gcc/arm-none-eabi/13.3.1/../../../../arm-none-eabi/lib/thumb/v7e-m+dp/hard/libc_nano.a(libc_a-sbrkr.o)
                              /Applications/STM32CubeIDE.app/Contents/Eclipse/plugins/com.st.stm32cube.ide.mcu.externaltools.gnu-tools-for-stm32.13.3.rel1.macos64_1.0.0.202411102158/tools/bin/../lib/gcc/arm-none-eabi/13.3.1/../../../../arm-none-eabi/lib/thumb/v7e-m+dp/hard/libc_nano.a(libc_a-mallocr.o) (_sbrk_r)
/Applications/STM32CubeIDE.app/Contents/Eclipse/plugins/com.st.stm32cube.ide.mcu.externaltools.gnu-tools-for-stm32.13.3.rel1.macos64_1.0.0.202411102158/tools/bin/../lib/gcc/arm-none-eabi/13.3.1/../../../../arm-none-eabi/lib/thumb/v7e-m+dp/hard/libc_nano.a(libc_a-errno.o)
                              ./Core/Src/syscalls.o (__errno)
[...]
Memory Configuration

Name             Origin             Length             Attributes
ITCMRAM          0x00000000         0x00010000         xrw
DTCMRAM          0x20000000         0x00020000         xrw
FLASH            0x08000000         0x00100000         xr
RAM_D1           0x24000000         0x00050000         xrw
RAM_D2           0x30000000         0x00008000         xrw
RAM_D3           0x38000000         0x00004000         xrw
*default*        0x00000000         0xffffffff

Linker script and memory map

LOAD /Applications/STM32CubeIDE.app/Contents/Eclipse/plugins/com.st.stm32cube.ide.mcu.externaltools.gnu-tools-for-stm32.13.3.rel1.macos64_1.0.0.202411102158/tools/bin/../lib/gcc/arm-none-eabi/13.3.1/thumb/v7e-m+dp/hard/crti.o
LOAD /Applications/STM32CubeIDE.app/Contents/Eclipse/plugins/com.st.stm32cube.ide.mcu.externaltools.gnu-tools-for-stm32.13.3.rel1.macos64_1.0.0.202411102158/tools/bin/../lib/gcc/arm-none-eabi/13.3.1/thumb/v7e-m+dp/hard/crtbegin.o
LOAD /Applications/STM32CubeIDE.app/Contents/Eclipse/plugins/com.st.stm32cube.ide.mcu.externaltools.gnu-tools-for-stm32.13.3.rel1.macos64_1.0.0.202411102158/tools/bin/../lib/gcc/arm-none-eabi/13.3.1/../../../../arm-none-eabi/lib/thumb/v7e-m+dp/hard/crt0.o
LOAD ./Core/Src/main.o
LOAD ./Core/Src/rhdinterface.o
LOAD ./Core/Src/rhdregisters.o
LOAD ./Core/Src/stm32h7xx_hal_msp.o
LOAD ./Core/Src/stm32h7xx_it.o
LOAD ./Core/Src/syscalls.o
LOAD ./Core/Src/sysmem.o
LOAD ./Core/Src/system_stm32h7xx.o
LOAD ./Core/Src/userfunctions.o
LOAD ./Core/Startup/startup_stm32h723zgtx.o
LOAD ./Drivers/STM32H7xx_HAL_Driver/Src/stm32h7xx_hal.o
LOAD ./Drivers/STM32H7xx_HAL_Driver/Src/stm32h7xx_hal_cortex.o
LOAD ./Drivers/STM32H7xx_HAL_Driver/Src/stm32h7xx_hal_dma.o
LOAD ./Drivers/STM32H7xx_HAL_Driver/Src/stm32h7xx_hal_dma_ex.o
LOAD ./Drivers/STM32H7xx_HAL_Driver/Src/stm32h7xx_hal_exti.o
LOAD ./Drivers/STM32H7xx_HAL_Driver/Src/stm32h7xx_hal_flash.o
LOAD ./Drivers/STM32H7xx_HAL_Driver/Src/stm32h7xx_hal_flash_ex.o
LOAD ./Drivers/STM32H7xx_HAL_Driver/Src/stm32h7xx_hal_gpio.o
LOAD ./Drivers/STM32H7xx_HAL_Driver/Src/stm32h7xx_hal_hsem.o
LOAD ./Drivers/STM32H7xx_HAL_Driver/Src/stm32h7xx_hal_i2c.o
LOAD ./Drivers/STM32H7xx_HAL_Driver/Src/stm32h7xx_hal_i2c_ex.o
LOAD ./Drivers/STM32H7xx_HAL_Driver/Src/stm32h7xx_hal_mdma.o
LOAD ./Drivers/STM32H7xx_HAL_Driver/Src/stm32h7xx_hal_pwr.o
LOAD ./Drivers/STM32H7xx_HAL_Driver/Src/stm32h7xx_hal_pwr_ex.o
LOAD ./Drivers/STM32H7xx_HAL_Driver/Src/stm32h7xx_hal_rcc.o
LOAD ./Drivers/STM32H7xx_HAL_Driver/Src/stm32h7xx_hal_rcc_ex.o
LOAD ./Drivers/STM32H7xx_HAL_Driver/Src/stm32h7xx_hal_spi.o
LOAD ./Drivers/STM32H7xx_HAL_Driver/Src/stm32h7xx_hal_spi_ex.o
LOAD ./Drivers/STM32H7xx_HAL_Driver/Src/stm32h7xx_hal_tim.o
LOAD ./Drivers/STM32H7xx_HAL_Driver/Src/stm32h7xx_hal_tim_ex.o
LOAD ./Drivers/STM32H7xx_HAL_Driver/Src/stm32h7xx_hal_uart.o
LOAD ./Drivers/STM32H7xx_HAL_Driver/Src/stm32h7xx_hal_uart_ex.o
START GROUP
LOAD /Applications/STM32CubeIDE.app/Contents/Eclipse/plugins/com.st.stm32cube.ide.mcu.externaltools.gnu-tools-for-stm32.13.3.rel1.macos64_1.0.0.202411102158/tools/bin/../lib/gcc/arm-none-eabi/13.3.1/../../../../arm-none-eabi/lib/thumb/v7e-m+dp/hard/libc_nano.a
LOAD /Applications/STM32CubeIDE.app/Contents/Eclipse/plugins/com.st.stm32cube.ide.mcu.externaltools.gnu-tools-for-stm32.13.3.rel1.macos64_1.0.0.202411102158/tools/bin/../lib/gcc/arm-none-eabi/13.3.1/../../../../arm-none-eabi/lib/thumb/v7e-m+dp/hard/libm.a
END GROUP
START GROUP
LOAD /Applications/STM32CubeIDE.app/Contents/Eclipse/plugins/com.st.stm32cube.ide.mcu.externaltools.gnu-tools-for-stm32.13.3.rel1.macos64_1.0.0.202411102158/tools/bin/../lib/gcc/arm-none-eabi/13.3.1/thumb/v7e-m+dp/hard/libgcc.a
LOAD /Applications/STM32CubeIDE.app/Contents/Eclipse/plugins/com.st.stm32cube.ide.mcu.externaltools.gnu-tools-for-stm32.13.3.rel1.macos64_1.0.0.202411102158/tools/bin/../lib/gcc/arm-none-eabi/13.3.1/../../../../arm-none-eabi/lib/thumb/v7e-m+dp/hard/libc_nano.a
END GROUP
START GROUP
LOAD /Applications/STM32CubeIDE.app/Contents/Eclipse/plugins/com.st.stm32cube.ide.mcu.externaltools.gnu-tools-for-stm32.13.3.rel1.macos64_1.0.0.202411102158/tools/bin/../lib/gcc/arm-none-eabi/13.3.1/thumb/v7e-m+dp/hard/libgcc.a
LOAD /Applications/STM32CubeIDE.app/Contents/Eclipse/plugins/com.st.stm32cube.ide.mcu.externaltools.gnu-tools-for-stm32.13.3.rel1.macos64_1.0.0.202411102158/tools/bin/../lib/gcc/arm-none-eabi/13.3.1/../../../../arm-none-eabi/lib/thumb/v7e-m+dp/hard/libc_nano.a
LOAD /Applications/STM32CubeIDE.app/Contents/Eclipse/plugins/com.st.stm32cube.ide.mcu.externaltools.gnu-tools-for-stm32.13.3.rel1.macos64_1.0.0.202411102158/tools/bin/../lib/gcc/arm-none-eabi/13.3.1/../../../../arm-none-eabi/lib/thumb/v7e-m+dp/hard/libnosys.a
END GROUP
START GROUP
LOAD /Applications/STM32CubeIDE.app/Contents/Eclipse/plugins/com.st.stm32cube.ide.mcu.externaltools.gnu-tools-for-stm32.13.3.rel1.macos64_1.0.0.202411102158/tools/bin/../lib/gcc/arm-none-eabi/13.3.1/thumb/v7e-m+dp/hard/libgcc.a
LOAD /Applications/STM32CubeIDE.app/Contents/Eclipse/plugins/com.st.stm32cube.ide.mcu.externaltools.gnu-tools-for-stm32.13.3.rel1.macos64_1.0.0.202411102158/tools/bin/../lib/gcc/arm-none-eabi/13.3.1/../../../../arm-none-eabi/lib/thumb/v7e-m+dp/hard/libc_nano.a
LOAD /Applications/STM32CubeIDE.app/Contents/Eclipse/plugins/com.st.stm32cube.ide.mcu.externaltools.gnu-tools-for-stm32.13.3.rel1.macos64_1.0.0.202411102158/tools/bin/../lib/gcc/arm-none-eabi/13.3.1/../../../../arm-none-eabi/lib/thumb/v7e-m+dp/hard/libnosys.a
END GROUP
LOAD /Applications/STM32CubeIDE.app/Contents/Eclipse/plugins/com.st.stm32cube.ide.mcu.externaltools.gnu-tools-for-stm32.13.3.rel1.macos64_1.0.0.202411102158/tools/bin/../lib/gcc/arm-none-eabi/13.3.1/thumb/v7e-m+dp/hard/crtend.o
LOAD /Applications/STM32CubeIDE.app/Contents/Eclipse/plugins/com.st.stm32cube.ide.mcu.externaltools.gnu-tools-for-stm32.13.3.rel1.macos64_1.0.0.202411102158/tools/bin/../lib/gcc/arm-none-eabi/13.3.1/thumb/v7e-m+dp/hard/crtn.o
                0x24050000                        _estack = (ORIGIN (RAM_D1) + LENGTH (RAM_D1))
                0x00000200                        _Min_Heap_Size = 0x200
                0x00000400                        _Min_Stack_Size = 0x400

.isr_vector     0x08000000      0x2cc
                0x08000000                        . = ALIGN (0x4)
 *(.isr_vector)
 .isr_vector    0x08000000      0x2cc ./Core/Startup/startup_stm32h723zgtx.o
                0x08000000                g_pfnVectors
                0x080002cc                        . = ALIGN (0x4)

.text           0x080002d0     0xfdd0
                0x080002d0                        . = ALIGN (0x4)
 *(.text)
 .text          0x080002d0       0x40 /Applications/STM32CubeIDE.app/Contents/Eclipse/plugins/com.st.stm32cube.ide.mcu.externaltools.gnu-tools-for-stm32.13.3.rel1.macos64_1.0.0.202411102158/tools/bin/../lib/gcc/arm-none-eabi/13.3.1/thumb/v7e-m+dp/hard/crtbegin.o
 .text          0x08000310       0xa0 /Applications/STM32CubeIDE.app/Contents/Eclipse/plugins/com.st.stm32cube.ide.mcu.externaltools.gnu-tools-for-stm32.13.3.rel1.macos64_1.0.0.202411102158/tools/bin/../lib/gcc/arm-none-eabi/13.3.1/thumb/v7e-m+dp/hard/libgcc.a(_aeabi_ldivmod.o)
                0x08000310                __aeabi_ldivmod
 .text          0x080003b0       0x30 /Applications/STM32CubeIDE.app/Contents/Eclipse/plugins/com.st.stm32cube.ide.mcu.externaltools.gnu-tools-for-stm32.13.3.rel1.macos64_1.0.0.202411102158/tools/bin/../lib/gcc/arm-none-eabi/13.3.1/thumb/v7e-m+dp/hard/libgcc.a(_aeabi_uldivmod.o)
                0x080003b0                __aeabi_uldivmod
 .text          0x080003e0      0x2f8 /Applications/STM32CubeIDE.app/Contents/Eclipse/plugins/com.st.stm32cube.ide.mcu.externaltools.gnu-tools-for-stm32.13.3.rel1.macos64_1.0.0.202411102158/tools/bin/../lib/gcc/arm-none-eabi/13.3.1/thumb/v7e-m+dp/hard/libgcc.a(_udivmoddi4.o)
                0x080003e0                __udivmoddi4
 .text          0x080006d8        0x4 /Applications/STM32CubeIDE.app/Contents/Eclipse/plugins/com.st.stm32cube.ide.mcu.externaltools.gnu-tools-for-stm32.13.3.rel1.macos64_1.0.0.202411102158/tools/bin/../lib/gcc/arm-none-eabi/13.3.1/thumb/v7e-m+dp/hard/libgcc.a(_dvmd_tls.o)
                0x080006d8                __aeabi_ldiv0
                0x080006d8                __aeabi_idiv0
 *(.text*)
 .text.write_pin
                0x080006dc       0x24 ./Core/Src/main.o
 .text.wait_ms  0x08000700       0x18 ./Core/Src/main.o
 .text.enable_interrupt_timer
                0x08000718       0x28 ./Core/Src/main.o
 .text.main     0x08000740      0x178 ./Core/Src/main.o
                0x08000740                main
 .text.SystemClock_Config
                0x080008b8       0xdc ./Core/Src/main.o
                0x080008b8                SystemClock_Config
 .text.PeriphCommonClock_Config
                0x08000994       0x5e ./Core/Src/main.o
                0x08000994                PeriphCommonClock_Config
 *fill*         0x080009f2        0x2 
 .text.MX_SPI1_Init
                0x080009f4       0xa0 ./Core/Src/main.o
 .text.MX_SPI2_Init
                0x08000a94       0xa0 ./Core/Src/main.o
 .text.MX_SPI3_Init
                0x08000b34       0xb0 ./Core/Src/main.o
 .text.MX_SPI4_Init
                0x08000be4       0xac ./Core/Src/main.o
 .text.MX_TIM1_Init
                0x08000c90      0x1b4 ./Core/Src/main.o
 .text.MX_TIM2_Init
                0x08000e44      0x110 ./Core/Src/main.o
 .text.MX_TIM3_Init
                0x08000f54       0xb0 ./Core/Src/main.o
 .text.MX_USART3_UART_Init
                0x08001004       0x9c ./Core/Src/main.o
 .text.MX_DMA_Init
                0x080010a0       0x80 ./Core/Src/main.o
 .text.MX_GPIO_Init
                0x08001120      0x348 ./Core/Src/main.o
 .text.Error_Handler
                0x08001468        0xc ./Core/Src/main.o
                0x08001468                Error_Handler
 .text.write_pin
                0x08001474       0x24 ./Core/Src/rhdinterface.o
 .text.sample_interrupt_routine
                0x08001498       0x60 ./Core/Src/rhdinterface.o
                0x08001498                sample_interrupt_routine
 .text.cycle_aux_commands
                0x080014f8       0x6c ./Core/Src/rhdinterface.o
                0x080014f8                cycle_aux_commands
 .text.transfer_sequence_spi_dma
                0x08001564       0x40 ./Core/Src/rhdinterface.o
                0x08001564                transfer_sequence_spi_dma
 .text.allocate_sample_memory
                0x080015a4       0x5c ./Core/Src/rhdinterface.o
                0x080015a4                allocate_sample_memory
 .text.free_sample_memory
                0x08001600       0x24 ./Core/Src/rhdinterface.o
                0x08001600                free_sample_memory
 .text.initialize_spi_with_dma
                0x08001624        0xe ./Core/Src/rhdinterface.o
                0x08001624                initialize_spi_with_dma
 .text.end_spi_with_dma
                0x08001632        0xe ./Core/Src/rhdinterface.o
                0x08001632                end_spi_with_dma
 .text.initialize_ddr_sclk_timers
                0x08001640       0x20 ./Core/Src/rhdinterface.o
                0x08001640                initialize_ddr_sclk_timers
 .text.end_ddr_sclk_timers
                0x08001660       0x20 ./Core/Src/rhdinterface.o
                0x08001660                end_ddr_sclk_timers
 .text.handle_comm_error
                0x08001680       0xa4 ./Core/Src/rhdinterface.o
                0x08001680                handle_comm_error
 .text.spi_rx_cplt_callback_1
                0x08001724       0x44 ./Core/Src/rhdinterface.o
                0x08001724                spi_rx_cplt_callback_1
 .text.spi_rx_cplt_callback_2
                0x08001768       0x44 ./Core/Src/rhdinterface.o
                0x08001768                spi_rx_cplt_callback_2
 .text.morton_deinterleave
                0x080017ac       0x56 ./Core/Src/rhdinterface.o
                0x080017ac                morton_deinterleave
 .text.extract_ddr_words
                0x08001802       0x34 ./Core/Src/rhdinterface.o
                0x08001802                extract_ddr_words
 *fill*         0x08001836        0x2 
 .text.spi_error_callback
                0x08001838       0x18 ./Core/Src/rhdinterface.o
                0x08001838                spi_error_callback
 .text.write_initial_reg_values
                0x08001850       0xcc ./Core/Src/rhdinterface.o
                0x08001850                write_initial_reg_values
 .text.calculate_sample_rate
                0x0800191c       0xac ./Core/Src/rhdinterface.o
                0x0800191c                calculate_sample_rate
 .text.create_convert_sequence
                0x080019c8       0x74 ./Core/Src/rhdinterface.o
                0x080019c8                create_convert_sequence
 .text.create_command_list_RHD_register_config
                0x08001a3c      0x2be ./Core/Src/rhdinterface.o
                0x08001a3c                create_command_list_RHD_register_config
 .text.create_command_list_dummy
                0x08001cfa       0x44 ./Core/Src/rhdinterface.o
                0x08001cfa                create_command_list_dummy
 .text.send_spi_command
                0x08001d3e       0x2a ./Core/Src/rhdinterface.o
                0x08001d3e                send_spi_command
 .text.send_receive_spi_command
                0x08001d68       0x90 ./Core/Src/rhdinterface.o
                0x08001d68                send_receive_spi_command
 .text.HAL_SPI_RxCpltCallback
                0x08001df8       0x30 ./Core/Src/rhdinterface.o
                0x08001df8                HAL_SPI_RxCpltCallback
 .text.HAL_SPI_ErrorCallback
                0x08001e28       0x14 ./Core/Src/rhdinterface.o
                0x08001e28                HAL_SPI_ErrorCallback
 .text.HAL_UART_TxCpltCallback
                0x08001e3c       0x20 ./Core/Src/rhdinterface.o
                0x08001e3c                HAL_UART_TxCpltCallback
 .text.set_DigOut_hiZ
                0x08001e5c       0x20 ./Core/Src/rhdregisters.o
                0x08001e5c                set_DigOut_hiZ
 *fill*         0x08001e7c        0x4 
 .text.set_DSP_cutoff_freq
                0x08001e80      0x188 ./Core/Src/rhdregisters.o
                0x08001e80                set_DSP_cutoff_freq
 .text.set_zcheck_scale
                0x08002008       0x44 ./Core/Src/rhdregisters.o
                0x08002008                set_zcheck_scale
 .text.set_zcheck_polarity
                0x0800204c       0x2a ./Core/Src/rhdregisters.o
                0x0800204c                set_zcheck_polarity
 .text.set_zcheck_channel
                0x08002076       0x34 ./Core/Src/rhdregisters.o
                0x08002076                set_zcheck_channel
 .text.power_up_all_amps
                0x080020aa       0x36 ./Core/Src/rhdregisters.o
                0x080020aa                power_up_all_amps
 .text.set_upper_bandwidth
                0x080020e0      0x29c ./Core/Src/rhdregisters.o
                0x080020e0                set_upper_bandwidth
 *fill*         0x0800237c        0x4 
 .text.set_lower_bandwidth
                0x08002380      0x1b8 ./Core/Src/rhdregisters.o
                0x08002380                set_lower_bandwidth
 .text.rH1_from_upper_bandwidth
                0x08002538       0x88 ./Core/Src/rhdregisters.o
                0x08002538                rH1_from_upper_bandwidth
 .text.rH2_from_upper_bandwidth
                0x080025c0       0x88 ./Core/Src/rhdregisters.o
                0x080025c0                rH2_from_upper_bandwidth
 .text.rL_from_lower_bandwidth
                0x08002648      0x120 ./Core/Src/rhdregisters.o
                0x08002648                rL_from_lower_bandwidth
 .text.upper_bandwidth_from_rH1
                0x08002768       0xc8 ./Core/Src/rhdregisters.o
                0x08002768                upper_bandwidth_from_rH1
 .text.upper_bandwidth_from_rH2
                0x08002830       0xc8 ./Core/Src/rhdregisters.o
                0x08002830                upper_bandwidth_from_rH2
 .text.lower_bandwidth_from_rL
                0x080028f8      0x158 ./Core/Src/rhdregisters.o
                0x080028f8                lower_bandwidth_from_rL
 .text.max_num_channels_per_chip
                0x08002a50       0x10 ./Core/Src/rhdregisters.o
                0x08002a50                max_num_channels_per_chip
 .text.set_default_rhd_settings
                0x08002a60      0x110 ./Core/Src/rhdregisters.o
                0x08002a60                set_default_rhd_settings
 .text.set_biases_based_on_sample_rate
                0x08002b70      0x180 ./Core/Src/rhdregisters.o
                0x08002b70                set_biases_based_on_sample_rate
 .text.get_register_value
                0x08002cf0      0x458 ./Core/Src/rhdregisters.o
                0x08002cf0                get_register_value
 .text.convert_command
                0x08003148       0x3a ./Core/Src/rhdregisters.o
                0x08003148                convert_command
 .text.calibrate_command
                0x08003182       0x12 ./Core/Src/rhdregisters.o
                0x08003182                calibrate_command
 .text.write_command
                0x08003194       0x3a ./Core/Src/rhdregisters.o
                0x08003194                write_command
 .text.read_command
                0x080031ce       0x2c ./Core/Src/rhdregisters.o
                0x080031ce                read_command
 *fill*         0x080031fa        0x2 
 .text.HAL_MspInit
                0x080031fc       0x6c ./Core/Src/stm32h7xx_hal_msp.o
                0x080031fc                HAL_MspInit
 .text.HAL_SPI_MspInit
                0x08003268      0x5fc ./Core/Src/stm32h7xx_hal_msp.o
                0x08003268                HAL_SPI_MspInit
 .text.HAL_TIM_Base_MspInit
                0x08003864      0x100 ./Core/Src/stm32h7xx_hal_msp.o
                0x08003864                HAL_TIM_Base_MspInit
 .text.HAL_TIM_OC_MspInit
                0x08003964       0x50 ./Core/Src/stm32h7xx_hal_msp.o
                0x08003964                HAL_TIM_OC_MspInit
 .text.HAL_TIM_MspPostInit
                0x080039b4       0xc8 ./Core/Src/stm32h7xx_hal_msp.o
                0x080039b4                HAL_TIM_MspPostInit
 .text.HAL_UART_MspInit
                0x08003a7c      0x198 ./Core/Src/stm32h7xx_hal_msp.o
                0x08003a7c                HAL_UART_MspInit
 .text.NMI_Handler
                0x08003c14        0x8 ./Core/Src/stm32h7xx_it.o
                0x08003c14                NMI_Handler
 .text.HardFault_Handler
                0x08003c1c        0x8 ./Core/Src/stm32h7xx_it.o
                0x08003c1c                HardFault_Handler
 .text.MemManage_Handler
                0x08003c24        0x8 ./Core/Src/stm32h7xx_it.o
                0x08003c24                MemManage_Handler
 .text.BusFault_Handler
                0x08003c2c        0x8 ./Core/Src/stm32h7xx_it.o
                0x08003c2c                BusFault_Handler
 .text.UsageFault_Handler
                0x08003c34        0x8 ./Core/Src/stm32h7xx_it.o
                0x08003c34                UsageFault_Handler
 .text.SVC_Handler
                0x08003c3c        0xe ./Core/Src/stm32h7xx_it.o
                0x08003c3c                SVC_Handler
 .text.DebugMon_Handler
                0x08003c4a        0xe ./Core/Src/stm32h7xx_it.o
                0x08003c4a                DebugMon_Handler
 .text.PendSV_Handler
                0x08003c58        0xe ./Core/Src/stm32h7xx_it.o
                0x08003c58                PendSV_Handler
 *fill*         0x08003c66        0x2 
 .text.SysTick_Handler
                0x08003c68       0x24 ./Core/Src/stm32h7xx_it.o
                0x08003c68                SysTick_Handler
 .text.EXTI2_IRQHandler
                0x08003c8c       0x1e ./Core/Src/stm32h7xx_it.o
                0x08003c8c                EXTI2_IRQHandler
 *fill*         0x08003caa        0x2 
 .text.DMA1_Stream0_IRQHandler
                0x08003cac       0x14 ./Core/Src/stm32h7xx_it.o
                0x08003cac                DMA1_Stream0_IRQHandler
 .text.DMA1_Stream1_IRQHandler
                0x08003cc0       0x14 ./Core/Src/stm32h7xx_it.o
                0x08003cc0                DMA1_Stream1_IRQHandler
 .text.DMA1_Stream2_IRQHandler
                0x08003cd4       0x14 ./Core/Src/stm32h7xx_it.o
                0x08003cd4                DMA1_Stream2_IRQHandler
 .text.DMA1_Stream3_IRQHandler
                0x08003ce8       0x14 ./Core/Src/stm32h7xx_it.o
                0x08003ce8                DMA1_Stream3_IRQHandler
 .text.DMA1_Stream4_IRQHandler
                0x08003cfc       0x14 ./Core/Src/stm32h7xx_it.o
                0x08003cfc                DMA1_Stream4_IRQHandler
 .text.TIM3_IRQHandler
                0x08003d10       0x14 ./Core/Src/stm32h7xx_it.o
                0x08003d10                TIM3_IRQHandler
 .text.SPI1_IRQHandler
                0x08003d24       0x14 ./Core/Src/stm32h7xx_it.o
                0x08003d24                SPI1_IRQHandler
 .text.SPI2_IRQHandler
                0x08003d38       0x14 ./Core/Src/stm32h7xx_it.o
                0x08003d38                SPI2_IRQHandler
 .text.USART3_IRQHandler
                0x08003d4c       0x14 ./Core/Src/stm32h7xx_it.o
                0x08003d4c                USART3_IRQHandler
 .text.SPI3_IRQHandler
                0x08003d60       0x14 ./Core/Src/stm32h7xx_it.o
                0x08003d60                SPI3_IRQHandler
 .text.SPI4_IRQHandler
                0x08003d74       0x14 ./Core/Src/stm32h7xx_it.o
                0x08003d74                SPI4_IRQHandler
 .text.HAL_TIM_PeriodElapsedCallback
                0x08003d88       0x14 ./Core/Src/stm32h7xx_it.o
                0x08003d88                HAL_TIM_PeriodElapsedCallback
 .text._sbrk    0x08003d9c       0x6c ./Core/Src/sysmem.o
                0x08003d9c                _sbrk
 .text.SystemInit
                0x08003e08       0xf0 ./Core/Src/system_stm32h7xx.o
                0x08003e08                SystemInit
 .text.loop_escape
                0x08003ef8       0x10 ./Core/Src/userfunctions.o
                0x08003ef8                loop_escape
 .text.arm_sqrt_q15
                0x08003f08      0x1cc ./Core/Src/userfunctions.o
                0x08003f08                arm_sqrt_q15
 .text.arm_rms_q15
                0x080040d4       0xa6 ./Core/Src/userfunctions.o
                0x080040d4                arm_rms_q15
 *fill*         0x0800417a        0x2 
 .text.send_rms_as_necessary
                0x0800417c      0x188 ./Core/Src/userfunctions.o
                0x0800417c                send_rms_as_necessary
 .text.transmit_data_offline
                0x08004304      0x138 ./Core/Src/userfunctions.o
                0x08004304                transmit_data_offline
 .text.configure_registers
                0x0800443c       0x16 ./Core/Src/userfunctions.o
                0x0800443c                configure_registers
 .text.configure_convert_commands
                0x08004452        0xe ./Core/Src/userfunctions.o
                0x08004452                configure_convert_commands
 .text.configure_aux_commands
                0x08004460       0x4c ./Core/Src/userfunctions.o
                0x08004460                configure_aux_commands
 .text.transmit_dma_to_usart
                0x080044ac       0x30 ./Core/Src/userfunctions.o
                0x080044ac                transmit_dma_to_usart
 .text.transmit_dma_to_spi
                0x080044dc       0x2c ./Core/Src/userfunctions.o
                0x080044dc                transmit_dma_to_spi
 .text.Reset_Handler
                0x08004508       0x50 ./Core/Startup/startup_stm32h723zgtx.o
                0x08004508                Reset_Handler
 .text.Default_Handler
                0x08004558        0x2 ./Core/Startup/startup_stm32h723zgtx.o
                0x08004558                SAI1_IRQHandler
                0x08004558                TIM8_CC_IRQHandler
                0x08004558                UART8_IRQHandler
                0x08004558                FDCAN3_IT0_IRQHandler
                0x08004558                TIM1_CC_IRQHandler
                0x08004558                BDMA_Channel6_IRQHandler
                0x08004558                DMA2_Stream5_IRQHandler
                0x08004558                DMA1_Stream5_IRQHandler
                0x08004558                CORDIC_IRQHandler
                0x08004558                BDMA_Channel1_IRQHandler
                0x08004558                TAMP_STAMP_IRQHandler
                0x08004558                EXTI3_IRQHandler
                0x08004558                LPTIM4_IRQHandler
                0x08004558                TIM8_TRG_COM_TIM14_IRQHandler
                0x08004558                LPTIM2_IRQHandler
                0x08004558                DFSDM1_FLT1_IRQHandler
                0x08004558                DMAMUX2_OVR_IRQHandler
                0x08004558                TIM8_UP_TIM13_IRQHandler
                0x08004558                I2C3_ER_IRQHandler
                0x08004558                DFSDM1_FLT2_IRQHandler
                0x08004558                I2C5_EV_IRQHandler
                0x08004558                USART10_IRQHandler
                0x08004558                MDMA_IRQHandler
                0x08004558                LPTIM3_IRQHandler
                0x08004558                HSEM1_IRQHandler
                0x08004558                EXTI0_IRQHandler
                0x08004558                I2C2_EV_IRQHandler
                0x08004558                FPU_IRQHandler
                0x08004558                OTG_HS_WKUP_IRQHandler
                0x08004558                FDCAN1_IT1_IRQHandler
                0x08004558                LTDC_ER_IRQHandler
                0x08004558                DMA2_Stream2_IRQHandler
                0x08004558                OCTOSPI1_IRQHandler
                0x08004558                TIM6_DAC_IRQHandler
                0x08004558                DMA2_Stream3_IRQHandler
                0x08004558                OCTOSPI2_IRQHandler
                0x08004558                DFSDM1_FLT3_IRQHandler
                0x08004558                TIM23_IRQHandler
                0x08004558                USART6_IRQHandler
                0x08004558                TIM17_IRQHandler
                0x08004558                BDMA_Channel7_IRQHandler
                0x08004558                LPTIM5_IRQHandler
                0x08004558                UART5_IRQHandler
                0x08004558                ADC3_IRQHandler
                0x08004558                DMA2_Stream0_IRQHandler
                0x08004558                TIM4_IRQHandler
                0x08004558                BDMA_Channel2_IRQHandler
                0x08004558                I2C1_EV_IRQHandler
                0x08004558                DMA1_Stream6_IRQHandler
                0x08004558                DMAMUX1_OVR_IRQHandler
                0x08004558                TIM16_IRQHandler
                0x08004558                UART4_IRQHandler
                0x08004558                BDMA_Channel5_IRQHandler
                0x08004558                RCC_IRQHandler
                0x08004558                UART9_IRQHandler
                0x08004558                TIM8_BRK_TIM12_IRQHandler
                0x08004558                TIM1_TRG_COM_IRQHandler
                0x08004558                Default_Handler
                0x08004558                ECC_IRQHandler
                0x08004558                FMAC_IRQHandler
                0x08004558                CEC_IRQHandler
                0x08004558                EXTI15_10_IRQHandler
                0x08004558                BDMA_Channel0_IRQHandler
                0x08004558                ADC_IRQHandler
                0x08004558                I2C5_ER_IRQHandler
                0x08004558                DMA1_Stream7_IRQHandler
                0x08004558                SPI5_IRQHandler
                0x08004558                TIM7_IRQHandler
                0x08004558                FDCAN3_IT1_IRQHandler
                0x08004558                SDMMC1_IRQHandler
                0x08004558                TIM5_IRQHandler
                0x08004558                DMA2_Stream7_IRQHandler
                0x08004558                TIM15_IRQHandler
                0x08004558                PVD_AVD_IRQHandler
                0x08004558                I2C3_EV_IRQHandler
                0x08004558                EXTI9_5_IRQHandler
                0x08004558                RTC_WKUP_IRQHandler
                0x08004558                LTDC_IRQHandler
                0x08004558                ETH_WKUP_IRQHandler
                0x08004558                SPDIF_RX_IRQHandler
                0x08004558                OTG_HS_EP1_IN_IRQHandler
                0x08004558                TIM24_IRQHandler
                0x08004558                CRS_IRQHandler
                0x08004558                EXTI4_IRQHandler
                0x08004558                RNG_IRQHandler
                0x08004558                FDCAN2_IT1_IRQHandler
                0x08004558                ETH_IRQHandler
                0x08004558                TIM1_UP_IRQHandler
                0x08004558                BDMA_Channel4_IRQHandler
                0x08004558                OTG_HS_EP1_OUT_IRQHandler
                0x08004558                WWDG_IRQHandler
                0x08004558                SPI6_IRQHandler
                0x08004558                MDIOS_IRQHandler
                0x08004558                I2C4_EV_IRQHandler
                0x08004558                FDCAN2_IT0_IRQHandler
                0x08004558                LPUART1_IRQHandler
                0x08004558                FDCAN1_IT0_IRQHandler
                0x08004558                TIM2_IRQHandler
                0x08004558                OTG_HS_IRQHandler
                0x08004558                DMA2D_IRQHandler
                0x08004558                TIM1_BRK_IRQHandler
                0x08004558                EXTI1_IRQHandler
                0x08004558                SDMMC2_IRQHandler
                0x08004558                BDMA_Channel3_IRQHandler
                0x08004558                DTS_IRQHandler
                0x08004558                UART7_IRQHandler
                0x08004558                MDIOS_WKUP_IRQHandler
                0x08004558                USART2_IRQHandler
                0x08004558                DFSDM1_FLT0_IRQHandler
                0x08004558                SAI4_IRQHandler
                0x08004558                I2C2_ER_IRQHandler
                0x08004558                DMA2_Stream1_IRQHandler
                0x08004558                FLASH_IRQHandler
                0x08004558                DMA2_Stream4_IRQHandler
                0x08004558                USART1_IRQHandler
                0x08004558                WAKEUP_PIN_IRQHandler
                0x08004558                I2C1_ER_IRQHandler
                0x08004558                FMC_IRQHandler
                0x08004558                FDCAN_CAL_IRQHandler
                0x08004558                SWPMI1_IRQHandler
                0x08004558                COMP1_IRQHandler
                0x08004558                LPTIM1_IRQHandler
                0x08004558                DCMI_PSSI_IRQHandler
                0x08004558                I2C4_ER_IRQHandler
                0x08004558                DMA2_Stream6_IRQHandler
                0x08004558                RTC_Alarm_IRQHandler
 *fill*         0x0800455a        0x2 
 .text.HAL_Init
                0x0800455c       0x78 ./Drivers/STM32H7xx_HAL_Driver/Src/stm32h7xx_hal.o
                0x0800455c                HAL_Init
 .text.HAL_InitTick
                0x080045d4       0x6c ./Drivers/STM32H7xx_HAL_Driver/Src/stm32h7xx_hal.o
                0x080045d4                HAL_InitTick
 .text.HAL_IncTick
                0x08004640       0x28 ./Drivers/STM32H7xx_HAL_Driver/Src/stm32h7xx_hal.o
                0x08004640                HAL_IncTick
 .text.HAL_GetTick
                0x08004668       0x18 ./Drivers/STM32H7xx_HAL_Driver/Src/stm32h7xx_hal.o
                0x08004668                HAL_GetTick
 .text.HAL_Delay
                0x08004680       0x48 ./Drivers/STM32H7xx_HAL_Driver/Src/stm32h7xx_hal.o
                0x08004680                HAL_Delay
 .text.__NVIC_SetPriorityGrouping
                0x080046c8       0x48 ./Drivers/STM32H7xx_HAL_Driver/Src/stm32h7xx_hal_cortex.o
 .text.__NVIC_GetPriorityGrouping
                0x08004710       0x1c ./Drivers/STM32H7xx_HAL_Driver/Src/stm32h7xx_hal_cortex.o
 .text.__NVIC_EnableIRQ
                0x0800472c       0x3c ./Drivers/STM32H7xx_HAL_Driver/Src/stm32h7xx_hal_cortex.o
 .text.__NVIC_SetPriority
                0x08004768       0x54 ./Drivers/STM32H7xx_HAL_Driver/Src/stm32h7xx_hal_cortex.o
 .text.NVIC_EncodePriority
                0x080047bc       0x66 ./Drivers/STM32H7xx_HAL_Driver/Src/stm32h7xx_hal_cortex.o
 *fill*         0x08004822        0x2 
 .text.SysTick_Config
                0x08004824       0x44 ./Drivers/STM32H7xx_HAL_Driver/Src/stm32h7xx_hal_cortex.o
 .text.HAL_NVIC_SetPriorityGrouping
                0x08004868       0x16 ./Drivers/STM32H7xx_HAL_Driver/Src/stm32h7xx_hal_cortex.o
                0x08004868                HAL_NVIC_SetPriorityGrouping
 .text.HAL_NVIC_SetPriority
                0x0800487e       0x34 ./Drivers/STM32H7xx_HAL_Driver/Src/stm32h7xx_hal_cortex.o
                0x0800487e                HAL_NVIC_SetPriority
 .text.HAL_NVIC_EnableIRQ
                0x080048b2       0x1c ./Drivers/STM32H7xx_HAL_Driver/Src/stm32h7xx_hal_cortex.o
                0x080048b2                HAL_NVIC_EnableIRQ
 .text.HAL_SYSTICK_Config
                0x080048ce       0x18 ./Drivers/STM32H7xx_HAL_Driver/Src/stm32h7xx_hal_cortex.o
                0x080048ce                HAL_SYSTICK_Config
 *fill*         0x080048e6        0x2 
 .text.HAL_DMA_Init
                0x080048e8      0x6b0 ./Drivers/STM32H7xx_HAL_Driver/Src/stm32h7xx_hal_dma.o
                0x080048e8                HAL_DMA_Init
 .text.HAL_DMA_Start_IT
                0x08004f98      0x4d4 ./Drivers/STM32H7xx_HAL_Driver/Src/stm32h7xx_hal_dma.o
                0x08004f98                HAL_DMA_Start_IT
 .text.HAL_DMA_Abort
                0x0800546c      0x63c ./Drivers/STM32H7xx_HAL_Driver/Src/stm32h7xx_hal_dma.o
                0x0800546c                HAL_DMA_Abort
 .text.HAL_DMA_Abort_IT
                0x08005aa8      0x48c ./Drivers/STM32H7xx_HAL_Driver/Src/stm32h7xx_hal_dma.o
                0x08005aa8                HAL_DMA_Abort_IT
 .text.HAL_DMA_IRQHandler
                0x08005f34      0xe54 ./Drivers/STM32H7xx_HAL_Driver/Src/stm32h7xx_hal_dma.o
                0x08005f34                HAL_DMA_IRQHandler
 .text.HAL_DMA_GetError
                0x08006d88       0x18 ./Drivers/STM32H7xx_HAL_Driver/Src/stm32h7xx_hal_dma.o
                0x08006d88                HAL_DMA_GetError
 .text.DMA_SetConfig
                0x08006da0      0x358 ./Drivers/STM32H7xx_HAL_Driver/Src/stm32h7xx_hal_dma.o
 .text.DMA_CalcBaseAndBitshift
                0x080070f8      0x164 ./Drivers/STM32H7xx_HAL_Driver/Src/stm32h7xx_hal_dma.o
 .text.DMA_CheckFifoParam
                0x0800725c       0xf8 ./Drivers/STM32H7xx_HAL_Driver/Src/stm32h7xx_hal_dma.o
 .text.DMA_CalcDMAMUXChannelBaseAndMask
                0x08007354      0x134 ./Drivers/STM32H7xx_HAL_Driver/Src/stm32h7xx_hal_dma.o
 .text.DMA_CalcDMAMUXRequestGenBaseAndMask
                0x08007488       0xe8 ./Drivers/STM32H7xx_HAL_Driver/Src/stm32h7xx_hal_dma.o
 .text.HAL_GPIO_Init
                0x08007570      0x350 ./Drivers/STM32H7xx_HAL_Driver/Src/stm32h7xx_hal_gpio.o
                0x08007570                HAL_GPIO_Init
 .text.HAL_GPIO_WritePin
                0x080078c0       0x32 ./Drivers/STM32H7xx_HAL_Driver/Src/stm32h7xx_hal_gpio.o
                0x080078c0                HAL_GPIO_WritePin
 .text.HAL_GPIO_EXTI_IRQHandler
                0x080078f2       0x34 ./Drivers/STM32H7xx_HAL_Driver/Src/stm32h7xx_hal_gpio.o
                0x080078f2                HAL_GPIO_EXTI_IRQHandler
 .text.HAL_GPIO_EXTI_Callback
                0x08007926       0x16 ./Drivers/STM32H7xx_HAL_Driver/Src/stm32h7xx_hal_gpio.o
                0x08007926                HAL_GPIO_EXTI_Callback
 .text.HAL_PWREx_ConfigSupply
                0x0800793c       0x74 ./Drivers/STM32H7xx_HAL_Driver/Src/stm32h7xx_hal_pwr_ex.o
                0x0800793c                HAL_PWREx_ConfigSupply
 .text.HAL_RCC_OscConfig
                0x080079b0      0x7b4 ./Drivers/STM32H7xx_HAL_Driver/Src/stm32h7xx_hal_rcc.o
                0x080079b0                HAL_RCC_OscConfig
 .text.HAL_RCC_ClockConfig
                0x08008164      0x36c ./Drivers/STM32H7xx_HAL_Driver/Src/stm32h7xx_hal_rcc.o
                0x08008164                HAL_RCC_ClockConfig
 .text.HAL_RCC_GetSysClockFreq
                0x080084d0      0x2f4 ./Drivers/STM32H7xx_HAL_Driver/Src/stm32h7xx_hal_rcc.o
                0x080084d0                HAL_RCC_GetSysClockFreq
 .text.HAL_RCC_GetHCLKFreq
                0x080087c4       0x60 ./Drivers/STM32H7xx_HAL_Driver/Src/stm32h7xx_hal_rcc.o
                0x080087c4                HAL_RCC_GetHCLKFreq
 .text.HAL_RCC_GetPCLK1Freq
                0x08008824       0x2c ./Drivers/STM32H7xx_HAL_Driver/Src/stm32h7xx_hal_rcc.o
                0x08008824                HAL_RCC_GetPCLK1Freq
 .text.HAL_RCC_GetPCLK2Freq
                0x08008850       0x2c ./Drivers/STM32H7xx_HAL_Driver/Src/stm32h7xx_hal_rcc.o
                0x08008850                HAL_RCC_GetPCLK2Freq
 .text.HAL_RCCEx_PeriphCLKConfig
                0x0800887c     0x1340 ./Drivers/STM32H7xx_HAL_Driver/Src/stm32h7xx_hal_rcc_ex.o
                0x0800887c                HAL_RCCEx_PeriphCLKConfig
 .text.HAL_RCCEx_GetD3PCLK1Freq
                0x08009bbc       0x2c ./Drivers/STM32H7xx_HAL_Driver/Src/stm32h7xx_hal_rcc_ex.o
                0x08009bbc                HAL_RCCEx_GetD3PCLK1Freq
 .text.HAL_RCCEx_GetPLL2ClockFreq
                0x08009be8      0x2a8 ./Drivers/STM32H7xx_HAL_Driver/Src/stm32h7xx_hal_rcc_ex.o
                0x08009be8                HAL_RCCEx_GetPLL2ClockFreq
 .text.HAL_RCCEx_GetPLL3ClockFreq
                0x08009e90      0x2a8 ./Drivers/STM32H7xx_HAL_Driver/Src/stm32h7xx_hal_rcc_ex.o
                0x08009e90                HAL_RCCEx_GetPLL3ClockFreq
 .text.RCCEx_PLL2_Config
                0x0800a138      0x164 ./Drivers/STM32H7xx_HAL_Driver/Src/stm32h7xx_hal_rcc_ex.o
 .text.RCCEx_PLL3_Config
                0x0800a29c      0x164 ./Drivers/STM32H7xx_HAL_Driver/Src/stm32h7xx_hal_rcc_ex.o
 .text.HAL_SPI_Init
                0x0800a400      0x248 ./Drivers/STM32H7xx_HAL_Driver/Src/stm32h7xx_hal_spi.o
                0x0800a400                HAL_SPI_Init
 .text.HAL_SPI_TransmitReceive
                0x0800a648      0x674 ./Drivers/STM32H7xx_HAL_Driver/Src/stm32h7xx_hal_spi.o
                0x0800a648                HAL_SPI_TransmitReceive
 .text.HAL_SPI_Transmit_DMA
                0x0800acbc      0x284 ./Drivers/STM32H7xx_HAL_Driver/Src/stm32h7xx_hal_spi.o
                0x0800acbc                HAL_SPI_Transmit_DMA
 .text.HAL_SPI_Receive_DMA
                0x0800af40      0x290 ./Drivers/STM32H7xx_HAL_Driver/Src/stm32h7xx_hal_spi.o
                0x0800af40                HAL_SPI_Receive_DMA
 .text.HAL_SPI_IRQHandler
                0x0800b1d0      0x39c ./Drivers/STM32H7xx_HAL_Driver/Src/stm32h7xx_hal_spi.o
                0x0800b1d0                HAL_SPI_IRQHandler
 .text.HAL_SPI_TxCpltCallback
                0x0800b56c       0x14 ./Drivers/STM32H7xx_HAL_Driver/Src/stm32h7xx_hal_spi.o
                0x0800b56c                HAL_SPI_TxCpltCallback
 .text.HAL_SPI_TxRxCpltCallback
                0x0800b580       0x14 ./Drivers/STM32H7xx_HAL_Driver/Src/stm32h7xx_hal_spi.o
                0x0800b580                HAL_SPI_TxRxCpltCallback
 .text.HAL_SPI_TxHalfCpltCallback
                0x0800b594       0x14 ./Drivers/STM32H7xx_HAL_Driver/Src/stm32h7xx_hal_spi.o
                0x0800b594                HAL_SPI_TxHalfCpltCallback
 .text.HAL_SPI_RxHalfCpltCallback
                0x0800b5a8       0x14 ./Drivers/STM32H7xx_HAL_Driver/Src/stm32h7xx_hal_spi.o
                0x0800b5a8                HAL_SPI_RxHalfCpltCallback
 .text.HAL_SPI_SuspendCallback
                0x0800b5bc       0x14 ./Drivers/STM32H7xx_HAL_Driver/Src/stm32h7xx_hal_spi.o
                0x0800b5bc                HAL_SPI_SuspendCallback
 .text.SPI_DMATransmitCplt
                0x0800b5d0       0x46 ./Drivers/STM32H7xx_HAL_Driver/Src/stm32h7xx_hal_spi.o
 .text.SPI_DMAReceiveCplt
                0x0800b616       0x46 ./Drivers/STM32H7xx_HAL_Driver/Src/stm32h7xx_hal_spi.o
 .text.SPI_DMAHalfTransmitCplt
                0x0800b65c       0x1c ./Drivers/STM32H7xx_HAL_Driver/Src/stm32h7xx_hal_spi.o
 .text.SPI_DMAHalfReceiveCplt
                0x0800b678       0x1c ./Drivers/STM32H7xx_HAL_Driver/Src/stm32h7xx_hal_spi.o
 .text.SPI_DMAError
                0x0800b694       0x46 ./Drivers/STM32H7xx_HAL_Driver/Src/stm32h7xx_hal_spi.o
 .text.SPI_DMAAbortOnError
                0x0800b6da       0x34 ./Drivers/STM32H7xx_HAL_Driver/Src/stm32h7xx_hal_spi.o
 *fill*         0x0800b70e        0x2 
 .text.SPI_CloseTransfer
                0x0800b710      0x140 ./Drivers/STM32H7xx_HAL_Driver/Src/stm32h7xx_hal_spi.o
 .text.SPI_WaitOnFlagUntilTimeout
                0x0800b850       0x5c ./Drivers/STM32H7xx_HAL_Driver/Src/stm32h7xx_hal_spi.o
 .text.SPI_GetPacketSize
                0x0800b8ac       0x36 ./Drivers/STM32H7xx_HAL_Driver/Src/stm32h7xx_hal_spi.o
 .text.HAL_TIM_Base_Init
                0x0800b8e2       0xae ./Drivers/STM32H7xx_HAL_Driver/Src/stm32h7xx_hal_tim.o
                0x0800b8e2                HAL_TIM_Base_Init
 .text.HAL_TIM_Base_Start_IT
                0x0800b990      0x10c ./Drivers/STM32H7xx_HAL_Driver/Src/stm32h7xx_hal_tim.o
                0x0800b990                HAL_TIM_Base_Start_IT
 .text.HAL_TIM_Base_Stop_IT
                0x0800ba9c       0x5e ./Drivers/STM32H7xx_HAL_Driver/Src/stm32h7xx_hal_tim.o
                0x0800ba9c                HAL_TIM_Base_Stop_IT
 .text.HAL_TIM_OC_Init
                0x0800bafa       0xae ./Drivers/STM32H7xx_HAL_Driver/Src/stm32h7xx_hal_tim.o
                0x0800bafa                HAL_TIM_OC_Init
 .text.HAL_TIM_OC_Start
                0x0800bba8      0x238 ./Drivers/STM32H7xx_HAL_Driver/Src/stm32h7xx_hal_tim.o
                0x0800bba8                HAL_TIM_OC_Start
 .text.HAL_TIM_OC_Stop
                0x0800bde0      0x12c ./Drivers/STM32H7xx_HAL_Driver/Src/stm32h7xx_hal_tim.o
                0x0800bde0                HAL_TIM_OC_Stop
 .text.HAL_TIM_PWM_Init
                0x0800bf0c       0xae ./Drivers/STM32H7xx_HAL_Driver/Src/stm32h7xx_hal_tim.o
                0x0800bf0c                HAL_TIM_PWM_Init
 .text.HAL_TIM_PWM_MspInit
                0x0800bfba       0x14 ./Drivers/STM32H7xx_HAL_Driver/Src/stm32h7xx_hal_tim.o
                0x0800bfba                HAL_TIM_PWM_MspInit
 .text.HAL_TIM_OnePulse_Init
                0x0800bfce       0xa0 ./Drivers/STM32H7xx_HAL_Driver/Src/stm32h7xx_hal_tim.o
                0x0800bfce                HAL_TIM_OnePulse_Init
 .text.HAL_TIM_OnePulse_MspInit
                0x0800c06e       0x14 ./Drivers/STM32H7xx_HAL_Driver/Src/stm32h7xx_hal_tim.o
                0x0800c06e                HAL_TIM_OnePulse_MspInit
 .text.HAL_TIM_IRQHandler
                0x0800c082      0x20e ./Drivers/STM32H7xx_HAL_Driver/Src/stm32h7xx_hal_tim.o
                0x0800c082                HAL_TIM_IRQHandler
 .text.HAL_TIM_OC_ConfigChannel
                0x0800c290       0xf4 ./Drivers/STM32H7xx_HAL_Driver/Src/stm32h7xx_hal_tim.o
                0x0800c290                HAL_TIM_OC_ConfigChannel
 .text.HAL_TIM_PWM_ConfigChannel
                0x0800c384      0x228 ./Drivers/STM32H7xx_HAL_Driver/Src/stm32h7xx_hal_tim.o
                0x0800c384                HAL_TIM_PWM_ConfigChannel
 .text.HAL_TIM_ConfigClockSource
                0x0800c5ac      0x1f0 ./Drivers/STM32H7xx_HAL_Driver/Src/stm32h7xx_hal_tim.o
                0x0800c5ac                HAL_TIM_ConfigClockSource
 .text.HAL_TIM_SlaveConfigSynchro
                0x0800c79c       0x84 ./Drivers/STM32H7xx_HAL_Driver/Src/stm32h7xx_hal_tim.o
                0x0800c79c                HAL_TIM_SlaveConfigSynchro
 .text.HAL_TIM_OC_DelayElapsedCallback
                0x0800c820       0x14 ./Drivers/STM32H7xx_HAL_Driver/Src/stm32h7xx_hal_tim.o
                0x0800c820                HAL_TIM_OC_DelayElapsedCallback
 .text.HAL_TIM_IC_CaptureCallback
                0x0800c834       0x14 ./Drivers/STM32H7xx_HAL_Driver/Src/stm32h7xx_hal_tim.o
                0x0800c834                HAL_TIM_IC_CaptureCallback
 .text.HAL_TIM_PWM_PulseFinishedCallback
                0x0800c848       0x14 ./Drivers/STM32H7xx_HAL_Driver/Src/stm32h7xx_hal_tim.o
                0x0800c848                HAL_TIM_PWM_PulseFinishedCallback
 .text.HAL_TIM_TriggerCallback
                0x0800c85c       0x14 ./Drivers/STM32H7xx_HAL_Driver/Src/stm32h7xx_hal_tim.o
                0x0800c85c                HAL_TIM_TriggerCallback
 .text.TIM_Base_SetConfig
                0x0800c870      0x158 ./Drivers/STM32H7xx_HAL_Driver/Src/stm32h7xx_hal_tim.o
                0x0800c870                TIM_Base_SetConfig
 .text.TIM_OC1_SetConfig
                0x0800c9c8      0x120 ./Drivers/STM32H7xx_HAL_Driver/Src/stm32h7xx_hal_tim.o
 .text.TIM_OC2_SetConfig
                0x0800cae8      0x114 ./Drivers/STM32H7xx_HAL_Driver/Src/stm32h7xx_hal_tim.o
                0x0800cae8                TIM_OC2_SetConfig
 .text.TIM_OC3_SetConfig
                0x0800cbfc      0x110 ./Drivers/STM32H7xx_HAL_Driver/Src/stm32h7xx_hal_tim.o
 .text.TIM_OC4_SetConfig
                0x0800cd0c       0xd4 ./Drivers/STM32H7xx_HAL_Driver/Src/stm32h7xx_hal_tim.o
 .text.TIM_OC5_SetConfig
                0x0800cde0       0xc8 ./Drivers/STM32H7xx_HAL_Driver/Src/stm32h7xx_hal_tim.o
 .text.TIM_OC6_SetConfig
                0x0800cea8       0xcc ./Drivers/STM32H7xx_HAL_Driver/Src/stm32h7xx_hal_tim.o
 .text.TIM_SlaveTimer_SetConfig
                0x0800cf74      0x1d4 ./Drivers/STM32H7xx_HAL_Driver/Src/stm32h7xx_hal_tim.o
 .text.TIM_TI1_ConfigInputStage
                0x0800d148       0x5e ./Drivers/STM32H7xx_HAL_Driver/Src/stm32h7xx_hal_tim.o
 .text.TIM_TI2_ConfigInputStage
                0x0800d1a6       0x60 ./Drivers/STM32H7xx_HAL_Driver/Src/stm32h7xx_hal_tim.o
 *fill*         0x0800d206        0x2 
 .text.TIM_ITRx_SetConfig
                0x0800d208       0x3c ./Drivers/STM32H7xx_HAL_Driver/Src/stm32h7xx_hal_tim.o
 .text.TIM_ETR_SetConfig
                0x0800d244       0x40 ./Drivers/STM32H7xx_HAL_Driver/Src/stm32h7xx_hal_tim.o
                0x0800d244                TIM_ETR_SetConfig
 .text.TIM_CCxChannelCmd
                0x0800d284       0x4a ./Drivers/STM32H7xx_HAL_Driver/Src/stm32h7xx_hal_tim.o
                0x0800d284                TIM_CCxChannelCmd
 *fill*         0x0800d2ce        0x2 
 .text.HAL_TIMEx_MasterConfigSynchronization
                0x0800d2d0      0x138 ./Drivers/STM32H7xx_HAL_Driver/Src/stm32h7xx_hal_tim_ex.o
                0x0800d2d0                HAL_TIMEx_MasterConfigSynchronization
 .text.HAL_TIMEx_ConfigBreakDeadTime
                0x0800d408      0x118 ./Drivers/STM32H7xx_HAL_Driver/Src/stm32h7xx_hal_tim_ex.o
                0x0800d408                HAL_TIMEx_ConfigBreakDeadTime
 .text.HAL_TIMEx_CommutCallback
                0x0800d520       0x14 ./Drivers/STM32H7xx_HAL_Driver/Src/stm32h7xx_hal_tim_ex.o
                0x0800d520                HAL_TIMEx_CommutCallback
 .text.HAL_TIMEx_BreakCallback
                0x0800d534       0x14 ./Drivers/STM32H7xx_HAL_Driver/Src/stm32h7xx_hal_tim_ex.o
                0x0800d534                HAL_TIMEx_BreakCallback
 .text.HAL_TIMEx_Break2Callback
                0x0800d548       0x14 ./Drivers/STM32H7xx_HAL_Driver/Src/stm32h7xx_hal_tim_ex.o
                0x0800d548                HAL_TIMEx_Break2Callback
 .text.HAL_UART_Init
                0x0800d55c       0xa0 ./Drivers/STM32H7xx_HAL_Driver/Src/stm32h7xx_hal_uart.o
                0x0800d55c                HAL_UART_Init
 .text.HAL_UART_Transmit_DMA
                0x0800d5fc      0x100 ./Drivers/STM32H7xx_HAL_Driver/Src/stm32h7xx_hal_uart.o
                0x0800d5fc                HAL_UART_Transmit_DMA
 .text.HAL_UART_IRQHandler
                0x0800d6fc      0x7ac ./Drivers/STM32H7xx_HAL_Driver/Src/stm32h7xx_hal_uart.o
                0x0800d6fc                HAL_UART_IRQHandler
 .text.HAL_UART_TxHalfCpltCallback
                0x0800dea8       0x14 ./Drivers/STM32H7xx_HAL_Driver/Src/stm32h7xx_hal_uart.o
                0x0800dea8                HAL_UART_TxHalfCpltCallback
 .text.HAL_UART_ErrorCallback
                0x0800debc       0x14 ./Drivers/STM32H7xx_HAL_Driver/Src/stm32h7xx_hal_uart.o
                0x0800debc                HAL_UART_ErrorCallback
 .text.HAL_UARTEx_RxEventCallback
                0x0800ded0       0x18 ./Drivers/STM32H7xx_HAL_Driver/Src/stm32h7xx_hal_uart.o
                0x0800ded0                HAL_UARTEx_RxEventCallback
 .text.UART_SetConfig
                0x0800dee8      0xcd8 ./Drivers/STM32H7xx_HAL_Driver/Src/stm32h7xx_hal_uart.o
                0x0800dee8                UART_SetConfig
 .text.UART_AdvFeatureConfig
                0x0800ebc0      0x144 ./Drivers/STM32H7xx_HAL_Driver/Src/stm32h7xx_hal_uart.o
                0x0800ebc0                UART_AdvFeatureConfig
 .text.UART_CheckIdleState
                0x0800ed04      0x154 ./Drivers/STM32H7xx_HAL_Driver/Src/stm32h7xx_hal_uart.o
                0x0800ed04                UART_CheckIdleState
 .text.UART_WaitOnFlagUntilTimeout
                0x0800ee58       0xda ./Drivers/STM32H7xx_HAL_Driver/Src/stm32h7xx_hal_uart.o
                0x0800ee58                UART_WaitOnFlagUntilTimeout
 .text.UART_EndTxTransfer
                0x0800ef32       0x82 ./Drivers/STM32H7xx_HAL_Driver/Src/stm32h7xx_hal_uart.o
 .text.UART_EndRxTransfer
                0x0800efb4       0xcc ./Drivers/STM32H7xx_HAL_Driver/Src/stm32h7xx_hal_uart.o
 .text.UART_DMATransmitCplt
                0x0800f080       0x96 ./Drivers/STM32H7xx_HAL_Driver/Src/stm32h7xx_hal_uart.o
 .text.UART_DMATxHalfCplt
                0x0800f116       0x1c ./Drivers/STM32H7xx_HAL_Driver/Src/stm32h7xx_hal_uart.o
 .text.UART_DMAError
                0x0800f132       0x80 ./Drivers/STM32H7xx_HAL_Driver/Src/stm32h7xx_hal_uart.o
 .text.UART_DMAAbortOnError
                0x0800f1b2       0x24 ./Drivers/STM32H7xx_HAL_Driver/Src/stm32h7xx_hal_uart.o
 .text.UART_EndTransmit_IT
                0x0800f1d6       0x56 ./Drivers/STM32H7xx_HAL_Driver/Src/stm32h7xx_hal_uart.o
 .text.HAL_UARTEx_WakeupCallback
                0x0800f22c       0x14 ./Drivers/STM32H7xx_HAL_Driver/Src/stm32h7xx_hal_uart_ex.o
                0x0800f22c                HAL_UARTEx_WakeupCallback
 .text.HAL_UARTEx_RxFifoFullCallback
                0x0800f240       0x14 ./Drivers/STM32H7xx_HAL_Driver/Src/stm32h7xx_hal_uart_ex.o
                0x0800f240                HAL_UARTEx_RxFifoFullCallback
 .text.HAL_UARTEx_TxFifoEmptyCallback
                0x0800f254       0x14 ./Drivers/STM32H7xx_HAL_Driver/Src/stm32h7xx_hal_uart_ex.o
                0x0800f254                HAL_UARTEx_TxFifoEmptyCallback
 .text.HAL_UARTEx_DisableFifoMode
                0x0800f268       0x72 ./Drivers/STM32H7xx_HAL_Driver/Src/stm32h7xx_hal_uart_ex.o
                0x0800f268                HAL_UARTEx_DisableFifoMode
 .text.HAL_UARTEx_SetTxFifoThreshold
                0x0800f2da       0x7c ./Drivers/STM32H7xx_HAL_Driver/Src/stm32h7xx_hal_uart_ex.o
                0x0800f2da                HAL_UARTEx_SetTxFifoThreshold
 .text.HAL_UARTEx_SetRxFifoThreshold
                0x0800f356       0x7c ./Drivers/STM32H7xx_HAL_Driver/Src/stm32h7xx_hal_uart_ex.o
                0x0800f356                HAL_UARTEx_SetRxFifoThreshold
 *fill*         0x0800f3d2        0x2 
 .text.UARTEx_SetNbDataToProcess
                0x0800f3d4       0x9c ./Drivers/STM32H7xx_HAL_Driver/Src/stm32h7xx_hal_uart_ex.o
 .text.malloc   0x0800f470       0x10 /Applications/STM32CubeIDE.app/Contents/Eclipse/plugins/com.st.stm32cube.ide.mcu.externaltools.gnu-tools-for-stm32.13.3.rel1.macos64_1.0.0.202411102158/tools/bin/../lib/gcc/arm-none-eabi/13.3.1/../../../../arm-none-eabi/lib/thumb/v7e-m+dp/hard/libc_nano.a(libc_a-malloc.o)
                0x0800f470                malloc
 .text.free     0x0800f480       0x10 /Applications/STM32CubeIDE.app/Contents/Eclipse/plugins/com.st.stm32cube.ide.mcu.externaltools.gnu-tools-for-stm32.13.3.rel1.macos64_1.0.0.202411102158/tools/bin/../lib/gcc/arm-none-eabi/13.3.1/../../../../arm-none-eabi/lib/thumb/v7e-m+dp/hard/libc_nano.a(libc_a-malloc.o)
                0x0800f480                free
 .text.sbrk_aligned
                0x0800f490       0x44 /Applications/STM32CubeIDE.app/Contents/Eclipse/plugins/com.st.stm32cube.ide.mcu.externaltools.gnu-tools-for-stm32.13.3.rel1.macos64_1.0.0.202411102158/tools/bin/../lib/gcc/arm-none-eabi/13.3.1/../../../../arm-none-eabi/lib/thumb/v7e-m+dp/hard/libc_nano.a(libc_a-mallocr.o)
 .text._malloc_r
                0x0800f4d4      0x100 /Applications/STM32CubeIDE.app/Contents/Eclipse/plugins/com.st.stm32cube.ide.mcu.externaltools.gnu-tools-for-stm32.13.3.rel1.macos64_1.0.0.202411102158/tools/bin/../lib/gcc/arm-none-eabi/13.3.1/../../../../arm-none-eabi/lib/thumb/v7e-m+dp/hard/libc_nano.a(libc_a-mallocr.o)
                0x0800f4d4                _malloc_r
 .text.__malloc_lock
                0x0800f5d4        0xc /Applications/STM32CubeIDE.app/Contents/Eclipse/plugins/com.st.stm32cube.ide.mcu.externaltools.gnu-tools-for-stm32.13.3.rel1.macos64_1.0.0.202411102158/tools/bin/../lib/gcc/arm-none-eabi/13.3.1/../../../../arm-none-eabi/lib/thumb/v7e-m+dp/hard/libc_nano.a(libc_a-mlock.o)
                0x0800f5d4                __malloc_lock
 .text.__malloc_unlock
                0x0800f5e0        0xc /Applications/STM32CubeIDE.app/Contents/Eclipse/plugins/com.st.stm32cube.ide.mcu.externaltools.gnu-tools-for-stm32.13.3.rel1.macos64_1.0.0.202411102158/tools/bin/../lib/gcc/arm-none-eabi/13.3.1/../../../../arm-none-eabi/lib/thumb/v7e-m+dp/hard/libc_nano.a(libc_a-mlock.o)
                0x0800f5e0                __malloc_unlock
 .text.memset   0x0800f5ec       0x10 /Applications/STM32CubeIDE.app/Contents/Eclipse/plugins/com.st.stm32cube.ide.mcu.externaltools.gnu-tools-for-stm32.13.3.rel1.macos64_1.0.0.202411102158/tools/bin/../lib/gcc/arm-none-eabi/13.3.1/../../../../arm-none-eabi/lib/thumb/v7e-m+dp/hard/libc_nano.a(libc_a-memset.o)
                0x0800f5ec                memset
 .text._sbrk_r  0x0800f5fc       0x20 /Applications/STM32CubeIDE.app/Contents/Eclipse/plugins/com.st.stm32cube.ide.mcu.externaltools.gnu-tools-for-stm32.13.3.rel1.macos64_1.0.0.202411102158/tools/bin/../lib/gcc/arm-none-eabi/13.3.1/../../../../arm-none-eabi/lib/thumb/v7e-m+dp/hard/libc_nano.a(libc_a-sbrkr.o)
                0x0800f5fc                _sbrk_r
 .text.__errno  0x0800f61c        0xc /Applications/STM32CubeIDE.app/Contents/Eclipse/plugins/com.st.stm32cube.ide.mcu.externaltools.gnu-tools-for-stm32.13.3.rel1.macos64_1.0.0.202411102158/tools/bin/../lib/gcc/arm-none-eabi/13.3.1/../../../../arm-none-eabi/lib/thumb/v7e-m+dp/hard/libc_nano.a(libc_a-errno.o)
                0x0800f61c                __errno
 .text.__libc_init_array
                0x0800f628       0x48 /Applications/STM32CubeIDE.app/Contents/Eclipse/plugins/com.st.stm32cube.ide.mcu.externaltools.gnu-tools-for-stm32.13.3.rel1.macos64_1.0.0.202411102158/tools/bin/../lib/gcc/arm-none-eabi/13.3.1/../../../../arm-none-eabi/lib/thumb/v7e-m+dp/hard/libc_nano.a(libc_a-init.o)
                0x0800f628                __libc_init_array
 .text.__retarget_lock_acquire_recursive
                0x0800f670        0x2 /Applications/STM32CubeIDE.app/Contents/Eclipse/plugins/com.st.stm32cube.ide.mcu.externaltools.gnu-tools-for-stm32.13.3.rel1.macos64_1.0.0.202411102158/tools/bin/../lib/gcc/arm-none-eabi/13.3.1/../../../../arm-none-eabi/lib/thumb/v7e-m+dp/hard/libc_nano.a(libc_a-lock.o)
                0x0800f670                __retarget_lock_acquire_recursive
 .text.__retarget_lock_release_recursive
                0x0800f672        0x2 /Applications/STM32CubeIDE.app/Contents/Eclipse/plugins/com.st.stm32cube.ide.mcu.externaltools.gnu-tools-for-stm32.13.3.rel1.macos64_1.0.0.202411102158/tools/bin/../lib/gcc/arm-none-eabi/13.3.1/../../../../arm-none-eabi/lib/thumb/v7e-m+dp/hard/libc_nano.a(libc_a-lock.o)
                0x0800f672                __retarget_lock_release_recursive
 .text._free_r  0x0800f674       0x94 /Applications/STM32CubeIDE.app/Contents/Eclipse/plugins/com.st.stm32cube.ide.mcu.externaltools.gnu-tools-for-stm32.13.3.rel1.macos64_1.0.0.202411102158/tools/bin/../lib/gcc/arm-none-eabi/13.3.1/../../../../arm-none-eabi/lib/thumb/v7e-m+dp/hard/libc_nano.a(libc_a-freer.o)
                0x0800f674                _free_r
 .text.log      0x0800f708      0x1f0 /Applications/STM32CubeIDE.app/Contents/Eclipse/plugins/com.st.stm32cube.ide.mcu.externaltools.gnu-tools-for-stm32.13.3.rel1.macos64_1.0.0.202411102158/tools/bin/../lib/gcc/arm-none-eabi/13.3.1/../../../../arm-none-eabi/lib/thumb/v7e-m+dp/hard/libm.a(libm_a-log.o)
                0x0800f708                log
 .text.log10    0x0800f8f8       0x64 /Applications/STM32CubeIDE.app/Contents/Eclipse/plugins/com.st.stm32cube.ide.mcu.externaltools.gnu-tools-for-stm32.13.3.rel1.macos64_1.0.0.202411102158/tools/bin/../lib/gcc/arm-none-eabi/13.3.1/../../../../arm-none-eabi/lib/thumb/v7e-m+dp/hard/libm.a(libm_a-w_log10.o)
                0x0800f8f8                log10
 .text.checkint
                0x0800f95c       0x68 /Applications/STM32CubeIDE.app/Contents/Eclipse/plugins/com.st.stm32cube.ide.mcu.externaltools.gnu-tools-for-stm32.13.3.rel1.macos64_1.0.0.202411102158/tools/bin/../lib/gcc/arm-none-eabi/13.3.1/../../../../arm-none-eabi/lib/thumb/v7e-m+dp/hard/libm.a(libm_a-pow.o)
 *fill*         0x0800f9c4        0x4 
 .text.pow      0x0800f9c8      0x4a0 /Applications/STM32CubeIDE.app/Contents/Eclipse/plugins/com.st.stm32cube.ide.mcu.externaltools.gnu-tools-for-stm32.13.3.rel1.macos64_1.0.0.202411102158/tools/bin/../lib/gcc/arm-none-eabi/13.3.1/../../../../arm-none-eabi/lib/thumb/v7e-m+dp/hard/libm.a(libm_a-pow.o)
                0x0800f9c8                pow
 .text.sqrt     0x0800fe68       0x40 /Applications/STM32CubeIDE.app/Contents/Eclipse/plugins/com.st.stm32cube.ide.mcu.externaltools.gnu-tools-for-stm32.13.3.rel1.macos64_1.0.0.202411102158/tools/bin/../lib/gcc/arm-none-eabi/13.3.1/../../../../arm-none-eabi/lib/thumb/v7e-m+dp/hard/libm.a(libm_a-w_sqrt.o)
                0x0800fe68                sqrt
 .text.__ieee754_sqrt
                0x0800fea8        0x6 /Applications/STM32CubeIDE.app/Contents/Eclipse/plugins/com.st.stm32cube.ide.mcu.externaltools.gnu-tools-for-stm32.13.3.rel1.macos64_1.0.0.202411102158/tools/bin/../lib/gcc/arm-none-eabi/13.3.1/../../../../arm-none-eabi/lib/thumb/v7e-m+dp/hard/libm.a(libm_a-e_sqrt.o)
                0x0800fea8                __ieee754_sqrt
 *fill*         0x0800feae        0x2 
 .text.nan      0x0800feb0       0x10 /Applications/STM32CubeIDE.app/Contents/Eclipse/plugins/com.st.stm32cube.ide.mcu.externaltools.gnu-tools-for-stm32.13.3.rel1.macos64_1.0.0.202411102158/tools/bin/../lib/gcc/arm-none-eabi/13.3.1/../../../../arm-none-eabi/lib/thumb/v7e-m+dp/hard/libm.a(libm_a-s_nan.o)
                0x0800feb0                nan
 .text.__ieee754_log10
                0x0800fec0       0xdc /Applications/STM32CubeIDE.app/Contents/Eclipse/plugins/com.st.stm32cube.ide.mcu.externaltools.gnu-tools-for-stm32.13.3.rel1.macos64_1.0.0.202411102158/tools/bin/../lib/gcc/arm-none-eabi/13.3.1/../../../../arm-none-eabi/lib/thumb/v7e-m+dp/hard/libm.a(libm_a-e_log10.o)
                0x0800fec0                __ieee754_log10
 .text.with_errno
                0x0800ff9c       0x1c /Applications/STM32CubeIDE.app/Contents/Eclipse/plugins/com.st.stm32cube.ide.mcu.externaltools.gnu-tools-for-stm32.13.3.rel1.macos64_1.0.0.202411102158/tools/bin/../lib/gcc/arm-none-eabi/13.3.1/../../../../arm-none-eabi/lib/thumb/v7e-m+dp/hard/libm.a(libm_a-math_err.o)
 .text.xflow    0x0800ffb8       0x22 /Applications/STM32CubeIDE.app/Contents/Eclipse/plugins/com.st.stm32cube.ide.mcu.externaltools.gnu-tools-for-stm32.13.3.rel1.macos64_1.0.0.202411102158/tools/bin/../lib/gcc/arm-none-eabi/13.3.1/../../../../arm-none-eabi/lib/thumb/v7e-m+dp/hard/libm.a(libm_a-math_err.o)
 *fill*         0x0800ffda        0x6 
 .text.__math_uflow
                0x0800ffe0       0x10 /Applications/STM32CubeIDE.app/Contents/Eclipse/plugins/com.st.stm32cube.ide.mcu.externaltools.gnu-tools-for-stm32.13.3.rel1.macos64_1.0.0.202411102158/tools/bin/../lib/gcc/arm-none-eabi/13.3.1/../../../../arm-none-eabi/lib/thumb/v7e-m+dp/hard/libm.a(libm_a-math_err.o)
                0x0800ffe0                __math_uflow
 .text.__math_oflow
                0x0800fff0       0x10 /Applications/STM32CubeIDE.app/Contents/Eclipse/plugins/com.st.stm32cube.ide.mcu.externaltools.gnu-tools-for-stm32.13.3.rel1.macos64_1.0.0.202411102158/tools/bin/../lib/gcc/arm-none-eabi/13.3.1/../../../../arm-none-eabi/lib/thumb/v7e-m+dp/hard/libm.a(libm_a-math_err.o)
                0x0800fff0                __math_oflow
 .text.__math_divzero
                0x08010000       0x30 /Applications/STM32CubeIDE.app/Contents/Eclipse/plugins/com.st.stm32cube.ide.mcu.externaltools.gnu-tools-for-stm32.13.3.rel1.macos64_1.0.0.202411102158/tools/bin/../lib/gcc/arm-none-eabi/13.3.1/../../../../arm-none-eabi/lib/thumb/v7e-m+dp/hard/libm.a(libm_a-math_err.o)
                0x08010000                __math_divzero
 .text.__math_invalid
                0x08010030       0x1e /Applications/STM32CubeIDE.app/Contents/Eclipse/plugins/com.st.stm32cube.ide.mcu.externaltools.gnu-tools-for-stm32.13.3.rel1.macos64_1.0.0.202411102158/tools/bin/../lib/gcc/arm-none-eabi/13.3.1/../../../../arm-none-eabi/lib/thumb/v7e-m+dp/hard/libm.a(libm_a-math_err.o)
                0x08010030                __math_invalid
 .text.__math_check_uflow
                0x0801004e       0x12 /Applications/STM32CubeIDE.app/Contents/Eclipse/plugins/com.st.stm32cube.ide.mcu.externaltools.gnu-tools-for-stm32.13.3.rel1.macos64_1.0.0.202411102158/tools/bin/../lib/gcc/arm-none-eabi/13.3.1/../../../../arm-none-eabi/lib/thumb/v7e-m+dp/hard/libm.a(libm_a-math_err.o)
                0x0801004e                __math_check_uflow
 .text.__math_check_oflow
                0x08010060       0x28 /Applications/STM32CubeIDE.app/Contents/Eclipse/plugins/com.st.stm32cube.ide.mcu.externaltools.gnu-tools-for-stm32.13.3.rel1.macos64_1.0.0.202411102158/tools/bin/../lib/gcc/arm-none-eabi/13.3.1/../../../../arm-none-eabi/lib/thumb/v7e-m+dp/hard/libm.a(libm_a-math_err.o)
                0x08010060                __math_check_oflow
 *(.glue_7)
 .glue_7        0x08010088        0x0 linker stubs
 *(.glue_7t)
 .glue_7t       0x08010088        0x0 linker stubs
 *(.eh_frame)
 .eh_frame      0x08010088        0x0 /Applications/STM32CubeIDE.app/Contents/Eclipse/plugins/com.st.stm32cube.ide.mcu.externaltools.gnu-tools-for-stm32.13.3.rel1.macos64_1.0.0.202411102158/tools/bin/../lib/gcc/arm-none-eabi/13.3.1/thumb/v7e-m+dp/hard/crtbegin.o
 *(.init)
 .init          0x08010088        0x4 /Applications/STM32CubeIDE.app/Contents/Eclipse/plugins/com.st.stm32cube.ide.mcu.externaltools.gnu-tools-for-stm32.13.3.rel1.macos64_1.0.0.202411102158/tools/bin/../lib/gcc/arm-none-eabi/13.3.1/thumb/v7e-m+dp/hard/crti.o
                0x08010088                _init
 .init          0x0801008c        0x8 /Applications/STM32CubeIDE.app/Contents/Eclipse/plugins/com.st.stm32cube.ide.mcu.externaltools.gnu-tools-for-stm32.13.3.rel1.macos64_1.0.0.202411102158/tools/bin/../lib/gcc/arm-none-eabi/13.3.1/thumb/v7e-m+dp/hard/crtn.o
 *(.fini)
 .fini          0x08010094        0x4 /Applications/STM32CubeIDE.app/Contents/Eclipse/plugins/com.st.stm32cube.ide.mcu.externaltools.gnu-tools-for-stm32.13.3.rel1.macos64_1.0.0.202411102158/tools/bin/../lib/gcc/arm-none-eabi/13.3.1/thumb/v7e-m+dp/hard/crti.o
                0x08010094                _fini
 .fini          0x08010098        0x8 /Applications/STM32CubeIDE.app/Contents/Eclipse/plugins/com.st.stm32cube.ide.mcu.externaltools.gnu-tools-for-stm32.13.3.rel1.macos64_1.0.0.202411102158/tools/bin/../lib/gcc/arm-none-eabi/13.3.1/thumb/v7e-m+dp/hard/crtn.o
                0x080100a0                        . = ALIGN (0x4)
                0x080100a0                        _etext = .

.vfp11_veneer   0x080100a0        0x0
 .vfp11_veneer  0x080100a0        0x0 linker stubs

.v4_bx          0x080100a0        0x0
 .v4_bx         0x080100a0        0x0 linker stubs

.iplt           0x080100a0        0x0
 .iplt          0x080100a0        0x0 /Applications/STM32CubeIDE.app/Contents/Eclipse/plugins/com.st.stm32cube.ide.mcu.externaltools.gnu-tools-for-stm32.13.3.rel1.macos64_1.0.0.202411102158/tools/bin/../lib/gcc/arm-none-eabi/13.3.1/thumb/v7e-m+dp/hard/crtbegin.o

.rodata         0x080100a0     0x2190
                0x080100a0                        . = ALIGN (0x4)
 *(.rodata)
 *(.rodata*)
 .rodata.D1CorePrescTable
                0x080100a0       0x10 ./Core/Src/system_stm32h7xx.o
                0x080100a0                D1CorePrescTable
 .rodata.flagBitshiftOffset.0
                0x080100b0        0x8 ./Drivers/STM32H7xx_HAL_Driver/Src/stm32h7xx_hal_dma.o
 .rodata.UARTPrescTable
                0x080100b8       0x18 ./Drivers/STM32H7xx_HAL_Driver/Src/stm32h7xx_hal_uart.o
                0x080100b8                UARTPrescTable
 .rodata.numerator.1
                0x080100d0        0x8 ./Drivers/STM32H7xx_HAL_Driver/Src/stm32h7xx_hal_uart_ex.o
 .rodata.denominator.0
                0x080100d8        0x8 ./Drivers/STM32H7xx_HAL_Driver/Src/stm32h7xx_hal_uart_ex.o
 .rodata.__log_data
                0x080100e0      0x890 /Applications/STM32CubeIDE.app/Contents/Eclipse/plugins/com.st.stm32cube.ide.mcu.externaltools.gnu-tools-for-stm32.13.3.rel1.macos64_1.0.0.202411102158/tools/bin/../lib/gcc/arm-none-eabi/13.3.1/../../../../arm-none-eabi/lib/thumb/v7e-m+dp/hard/libm.a(libm_a-log_data.o)
                0x080100e0                __log_data
 .rodata.log10.str1.1
                0x08010970        0x1 /Applications/STM32CubeIDE.app/Contents/Eclipse/plugins/com.st.stm32cube.ide.mcu.externaltools.gnu-tools-for-stm32.13.3.rel1.macos64_1.0.0.202411102158/tools/bin/../lib/gcc/arm-none-eabi/13.3.1/../../../../arm-none-eabi/lib/thumb/v7e-m+dp/hard/libm.a(libm_a-w_log10.o)
 *fill*         0x08010971        0x7 
 .rodata.__pow_log_data
                0x08010978     0x1048 /Applications/STM32CubeIDE.app/Contents/Eclipse/plugins/com.st.stm32cube.ide.mcu.externaltools.gnu-tools-for-stm32.13.3.rel1.macos64_1.0.0.202411102158/tools/bin/../lib/gcc/arm-none-eabi/13.3.1/../../../../arm-none-eabi/lib/thumb/v7e-m+dp/hard/libm.a(libm_a-pow_log_data.o)
                0x08010978                __pow_log_data
 .rodata.__exp_data
                0x080119c0      0x870 /Applications/STM32CubeIDE.app/Contents/Eclipse/plugins/com.st.stm32cube.ide.mcu.externaltools.gnu-tools-for-stm32.13.3.rel1.macos64_1.0.0.202411102158/tools/bin/../lib/gcc/arm-none-eabi/13.3.1/../../../../arm-none-eabi/lib/thumb/v7e-m+dp/hard/libm.a(libm_a-exp_data.o)
                0x080119c0                __exp_data
                0x08012230                        . = ALIGN (0x4)

.ARM.extab
 *(.ARM.extab* .gnu.linkonce.armextab.*)

.ARM            0x08012230        0x8
                0x08012230                        __exidx_start = .
 *(.ARM.exidx*)
 .ARM.exidx     0x08012230        0x8 /Applications/STM32CubeIDE.app/Contents/Eclipse/plugins/com.st.stm32cube.ide.mcu.externaltools.gnu-tools-for-stm32.13.3.rel1.macos64_1.0.0.202411102158/tools/bin/../lib/gcc/arm-none-eabi/13.3.1/thumb/v7e-m+dp/hard/libgcc.a(_udivmoddi4.o)
                0x08012238                        __exidx_end = .

.preinit_array  0x08012238        0x0
                0x08012238                        PROVIDE (__preinit_array_start = .)
 *(.preinit_array*)
                0x08012238                        PROVIDE (__preinit_array_end = .)

.init_array     0x08012238        0x4
                0x08012238                        PROVIDE (__init_array_start = .)
 *(SORT_BY_NAME(.init_array.*))
 *(.init_array*)
 .init_array    0x08012238        0x4 /Applications/STM32CubeIDE.app/Contents/Eclipse/plugins/com.st.stm32cube.ide.mcu.externaltools.gnu-tools-for-stm32.13.3.rel1.macos64_1.0.0.202411102158/tools/bin/../lib/gcc/arm-none-eabi/13.3.1/thumb/v7e-m+dp/hard/crtbegin.o
                0x0801223c                        PROVIDE (__init_array_end = .)

.fini_array     0x0801223c        0x4
                [!provide]                        PROVIDE (__fini_array_start = .)
 *(SORT_BY_NAME(.fini_array.*))
 *(.fini_array*)
 .fini_array    0x0801223c        0x4 /Applications/STM32CubeIDE.app/Contents/Eclipse/plugins/com.st.stm32cube.ide.mcu.externaltools.gnu-tools-for-stm32.13.3.rel1.macos64_1.0.0.202411102158/tools/bin/../lib/gcc/arm-none-eabi/13.3.1/thumb/v7e-m+dp/hard/crtbegin.o
                [!provide]                        PROVIDE (__fini_array_end = .)
                0x08012240                        _sidata = LOADADDR (.data)

.rel.dyn        0x08012240        0x0
 .rel.iplt      0x08012240        0x0 /Applications/STM32CubeIDE.app/Contents/Eclipse/plugins/com.st.stm32cube.ide.mcu.externaltools.gnu-tools-for-stm32.13.3.rel1.macos64_1.0.0.202411102158/tools/bin/../lib/gcc/arm-none-eabi/13.3.1/thumb/v7e-m+dp/hard/crtbegin.o

.data           0x24000000       0x6c load address 0x08012240
                0x24000000                        . = ALIGN (0x4)
                0x24000000                        _sdata = .
 *(.data)
 *(.data*)
 .data.per_channel_sample_memory_capacity
                0x24000000        0x4 ./Core/Src/rhdinterface.o
                0x24000000                per_channel_sample_memory_capacity
 .data.command_transfer_state
                0x24000004        0x4 ./Core/Src/rhdinterface.o
                0x24000004                command_transfer_state
 .data.uart_ready
                0x24000008        0x1 ./Core/Src/rhdinterface.o
                0x24000008                uart_ready
 *fill*         0x24000009        0x3 
 .data.SystemCoreClock
                0x2400000c        0x4 ./Core/Src/system_stm32h7xx.o
                0x2400000c                SystemCoreClock
 .data.SystemD2Clock
                0x24000010        0x4 ./Core/Src/system_stm32h7xx.o
                0x24000010                SystemD2Clock
 .data.uwTickPrio
                0x24000014        0x4 ./Drivers/STM32H7xx_HAL_Driver/Src/stm32h7xx_hal.o
                0x24000014                uwTickPrio
 .data.uwTickFreq
                0x24000018        0x1 ./Drivers/STM32H7xx_HAL_Driver/Src/stm32h7xx_hal.o
                0x24000018                uwTickFreq
 *fill*         0x24000019        0x3 
 .data._impure_ptr
                0x2400001c        0x4 /Applications/STM32CubeIDE.app/Contents/Eclipse/plugins/com.st.stm32cube.ide.mcu.externaltools.gnu-tools-for-stm32.13.3.rel1.macos64_1.0.0.202411102158/tools/bin/../lib/gcc/arm-none-eabi/13.3.1/../../../../arm-none-eabi/lib/thumb/v7e-m+dp/hard/libc_nano.a(libc_a-impure.o)
                0x2400001c                _impure_ptr
 .data._impure_data
                0x24000020       0x4c /Applications/STM32CubeIDE.app/Contents/Eclipse/plugins/com.st.stm32cube.ide.mcu.externaltools.gnu-tools-for-stm32.13.3.rel1.macos64_1.0.0.202411102158/tools/bin/../lib/gcc/arm-none-eabi/13.3.1/../../../../arm-none-eabi/lib/thumb/v7e-m+dp/hard/libc_nano.a(libc_a-impure.o)
                0x24000020                _impure_data
 *(.RamFunc)
 *(.RamFunc*)
                0x2400006c                        . = ALIGN (0x4)
                0x2400006c                        _edata = .

.igot.plt       0x2400006c        0x0 load address 0x080122ac
 .igot.plt      0x2400006c        0x0 /Applications/STM32CubeIDE.app/Contents/Eclipse/plugins/com.st.stm32cube.ide.mcu.externaltools.gnu-tools-for-stm32.13.3.rel1.macos64_1.0.0.202411102158/tools/bin/../lib/gcc/arm-none-eabi/13.3.1/thumb/v7e-m+dp/hard/crtbegin.o
                0x2400006c                        . = ALIGN (0x4)

.bss            0x24000070      0xcf0 load address 0x080122ac
                0x24000070                        _sbss = .
                0x24000070                        __bss_start__ = _sbss
 *(.bss)
 .bss           0x24000070       0x1c /Applications/STM32CubeIDE.app/Contents/Eclipse/plugins/com.st.stm32cube.ide.mcu.externaltools.gnu-tools-for-stm32.13.3.rel1.macos64_1.0.0.202411102158/tools/bin/../lib/gcc/arm-none-eabi/13.3.1/thumb/v7e-m+dp/hard/crtbegin.o
 *(.bss*)
 .bss.hspi1     0x2400008c       0x88 ./Core/Src/main.o
                0x2400008c                hspi1
 .bss.hspi2     0x24000114       0x88 ./Core/Src/main.o
                0x24000114                hspi2
 .bss.hspi3     0x2400019c       0x88 ./Core/Src/main.o
                0x2400019c                hspi3
 .bss.hspi4     0x24000224       0x88 ./Core/Src/main.o
                0x24000224                hspi4
 .bss.hdma_spi1_rx
                0x240002ac       0x78 ./Core/Src/main.o
                0x240002ac                hdma_spi1_rx
 .bss.hdma_spi2_rx
                0x24000324       0x78 ./Core/Src/main.o
                0x24000324                hdma_spi2_rx
 .bss.hdma_spi3_tx
                0x2400039c       0x78 ./Core/Src/main.o
                0x2400039c                hdma_spi3_tx
 .bss.hdma_spi4_tx
                0x24000414       0x78 ./Core/Src/main.o
                0x24000414                hdma_spi4_tx
 .bss.htim1     0x2400048c       0x4c ./Core/Src/main.o
                0x2400048c                htim1
 .bss.htim2     0x240004d8       0x4c ./Core/Src/main.o
                0x240004d8                htim2
 .bss.htim3     0x24000524       0x4c ./Core/Src/main.o
                0x24000524                htim3
 .bss.huart3    0x24000570       0x94 ./Core/Src/main.o
                0x24000570                huart3
 .bss.hdma_usart3_tx
                0x24000604       0x78 ./Core/Src/main.o
                0x24000604                hdma_usart3_tx
 .bss.command_sequence_MOSI
                0x2400067c       0x46 ./Core/Src/rhdinterface.o
                0x2400067c                command_sequence_MOSI
 *fill*         0x240006c2        0x2 
 .bss.command_sequence_MISO
                0x240006c4       0x8c ./Core/Src/rhdinterface.o
                0x240006c4                command_sequence_MISO
 .bss.sample_memory
                0x24000750        0x4 ./Core/Src/rhdinterface.o
                0x24000750                sample_memory
 .bss.sample_memory_2
                0x24000754        0x4 ./Core/Src/rhdinterface.o
                0x24000754                sample_memory_2
 .bss.aux_command_list
                0x24000758      0x300 ./Core/Src/rhdinterface.o
                0x24000758                aux_command_list
 .bss.aux_command_index
                0x24000a58        0x1 ./Core/Src/rhdinterface.o
                0x24000a58                aux_command_index
 .bss.reception_in_progress
                0x24000a59        0x1 ./Core/Src/rhdinterface.o
                0x24000a59                reception_in_progress
 .bss.main_loop_active
                0x24000a5a        0x1 ./Core/Src/rhdinterface.o
                0x24000a5a                main_loop_active
 *fill*         0x24000a5b        0x5 
 .bss.SysTick_counter
                0x24000a60        0x8 ./Core/Src/stm32h7xx_it.o
                0x24000a60                SysTick_counter
 .bss.__sbrk_heap_end
                0x24000a68        0x4 ./Core/Src/sysmem.o
 .bss.samples_50_ms_1
                0x24000a6c       0xc8 ./Core/Src/userfunctions.o
                0x24000a6c                samples_50_ms_1
 .bss.samples_50_ms_2
                0x24000b34       0xc8 ./Core/Src/userfunctions.o
                0x24000b34                samples_50_ms_2
 .bss.sampled_rms_1
                0x24000bfc        0x6 ./Core/Src/userfunctions.o
                0x24000bfc                sampled_rms_1
 *fill*         0x24000c02        0x2 
 .bss.sampled_rms_2
                0x24000c04        0x6 ./Core/Src/userfunctions.o
                0x24000c04                sampled_rms_2
 *fill*         0x24000c0a        0x2 
 .bss.sample_counter_1
                0x24000c0c        0x4 ./Core/Src/userfunctions.o
                0x24000c0c                sample_counter_1
 .bss.sample_counter_2
                0x24000c10        0x4 ./Core/Src/userfunctions.o
                0x24000c10                sample_counter_2
 .bss.uwTick    0x24000c14        0x4 ./Drivers/STM32H7xx_HAL_Driver/Src/stm32h7xx_hal.o
                0x24000c14                uwTick
 .bss.__malloc_sbrk_start
                0x24000c18        0x4 /Applications/STM32CubeIDE.app/Contents/Eclipse/plugins/com.st.stm32cube.ide.mcu.externaltools.gnu-tools-for-stm32.13.3.rel1.macos64_1.0.0.202411102158/tools/bin/../lib/gcc/arm-none-eabi/13.3.1/../../../../arm-none-eabi/lib/thumb/v7e-m+dp/hard/libc_nano.a(libc_a-mallocr.o)
                0x24000c18                __malloc_sbrk_start
 .bss.__malloc_free_list
                0x24000c1c        0x4 /Applications/STM32CubeIDE.app/Contents/Eclipse/plugins/com.st.stm32cube.ide.mcu.externaltools.gnu-tools-for-stm32.13.3.rel1.macos64_1.0.0.202411102158/tools/bin/../lib/gcc/arm-none-eabi/13.3.1/../../../../arm-none-eabi/lib/thumb/v7e-m+dp/hard/libc_nano.a(libc_a-mallocr.o)
                0x24000c1c                __malloc_free_list
 .bss.__sf      0x24000c20      0x138 /Applications/STM32CubeIDE.app/Contents/Eclipse/plugins/com.st.stm32cube.ide.mcu.externaltools.gnu-tools-for-stm32.13.3.rel1.macos64_1.0.0.202411102158/tools/bin/../lib/gcc/arm-none-eabi/13.3.1/../../../../arm-none-eabi/lib/thumb/v7e-m+dp/hard/libc_nano.a(libc_a-findfp.o)
                0x24000c20                __sf
 .bss.__lock___malloc_recursive_mutex
                0x24000d58        0x1 /Applications/STM32CubeIDE.app/Contents/Eclipse/plugins/com.st.stm32cube.ide.mcu.externaltools.gnu-tools-for-stm32.13.3.rel1.macos64_1.0.0.202411102158/tools/bin/../lib/gcc/arm-none-eabi/13.3.1/../../../../arm-none-eabi/lib/thumb/v7e-m+dp/hard/libc_nano.a(libc_a-lock.o)
                0x24000d58                __lock___malloc_recursive_mutex
 *fill*         0x24000d59        0x3 
 .bss.errno     0x24000d5c        0x4 /Applications/STM32CubeIDE.app/Contents/Eclipse/plugins/com.st.stm32cube.ide.mcu.externaltools.gnu-tools-for-stm32.13.3.rel1.macos64_1.0.0.202411102158/tools/bin/../lib/gcc/arm-none-eabi/13.3.1/../../../../arm-none-eabi/lib/thumb/v7e-m+dp/hard/libc_nano.a(libc_a-reent.o)
                0x24000d5c                errno
 *(COMMON)
                0x24000d60                        . = ALIGN (0x4)
                0x24000d60                        _ebss = .
                0x24000d60                        __bss_end__ = _ebss

._user_heap_stack
                0x24000d60      0x600 load address 0x080122ac
                0x24000d60                        . = ALIGN (0x8)
                [!provide]                        PROVIDE (end = .)
                0x24000d60                        PROVIDE (_end = .)
                0x24000f60                        . = (. + _Min_Heap_Size)
 *fill*         0x24000d60      0x200 
                0x24001360                        . = (. + _Min_Stack_Size)
 *fill*         0x24000f60      0x400 
                0x24001360                        . = ALIGN (0x8)

/DISCARD/
 libc.a(*)
 libm.a(*)
 libgcc.a(*)

.ARM.attributes
                0x00000000       0x2e
 *(.ARM.attributes)
 .ARM.attributes
                0x00000000       0x20 /Applications/STM32CubeIDE.app/Contents/Eclipse/plugins/com.st.stm32cube.ide.mcu.externaltools.gnu-tools-for-stm32.13.3.rel1.macos64_1.0.0.202411102158/tools/bin/../lib/gcc/arm-none-eabi/13.3.1/thumb/v7e-m+dp/hard/crti.o
 .ARM.attributes
                0x00000020       0x32 /Applications/STM32CubeIDE.app/Contents/Eclipse/plugins/com.st.stm32cube.ide.mcu.externaltools.gnu-tools-for-stm32.13.3.rel1.macos64_1.0.0.202411102158/tools/bin/../lib/gcc/arm-none-eabi/13.3.1/thumb/v7e-m+dp/hard/crtbegin.o
 .ARM.attributes
                0x00000052       0x32 ./Core/Src/main.o
 .ARM.attributes
                0x00000084       0x32 ./Core/Src/rhdinterface.o
 .ARM.attributes
                0x000000b6       0x32 ./Core/Src/rhdregisters.o
 .ARM.attributes
                0x000000e8       0x32 ./Core/Src/stm32h7xx_hal_msp.o
 .ARM.attributes
                0x0000011a       0x32 ./Core/Src/stm32h7xx_it.o
 .ARM.attributes
                0x0000014c       0x32 ./Core/Src/sysmem.o
 .ARM.attributes
                0x0000017e       0x32 ./Core/Src/system_stm32h7xx.o
 .ARM.attributes
                0x000001b0       0x32 ./Core/Src/userfunctions.o
 .ARM.attributes
                0x000001e2       0x21 ./Core/Startup/startup_stm32h723zgtx.o
 .ARM.attributes
                0x00000203       0x32 ./Drivers/STM32H7xx_HAL_Driver/Src/stm32h7xx_hal.o
 .ARM.attributes
                0x00000235       0x32 ./Drivers/STM32H7xx_HAL_Driver/Src/stm32h7xx_hal_cortex.o
 .ARM.attributes
                0x00000267       0x32 ./Drivers/STM32H7xx_HAL_Driver/Src/stm32h7xx_hal_dma.o
 .ARM.attributes
                0x00000299       0x32 ./Drivers/STM32H7xx_HAL_Driver/Src/stm32h7xx_hal_gpio.o
 .ARM.attributes
                0x000002cb       0x32 ./Drivers/STM32H7xx_HAL_Driver/Src/stm32h7xx_hal_pwr_ex.o
 .ARM.attributes
                0x000002fd       0x32 ./Drivers/STM32H7xx_HAL_Driver/Src/stm32h7xx_hal_rcc.o
 .ARM.attributes
                0x0000032f       0x32 ./Drivers/STM32H7xx_HAL_Driver/Src/stm32h7xx_hal_rcc_ex.o
 .ARM.attributes
                0x00000361       0x32 ./Drivers/STM32H7xx_HAL_Driver/Src/stm32h7xx_hal_spi.o
 .ARM.attributes
                0x00000393       0x32 ./Drivers/STM32H7xx_HAL_Driver/Src/stm32h7xx_hal_tim.o
 .ARM.attributes
                0x000003c5       0x32 ./Drivers/STM32H7xx_HAL_Driver/Src/stm32h7xx_hal_tim_ex.o
 .ARM.attributes
                0x000003f7       0x32 ./Drivers/STM32H7xx_HAL_Driver/Src/stm32h7xx_hal_uart.o
 .ARM.attributes
                0x00000429       0x32 ./Drivers/STM32H7xx_HAL_Driver/Src/stm32h7xx_hal_uart_ex.o
 .ARM.attributes
                0x0000045b       0x32 /Applications/STM32CubeIDE.app/Contents/Eclipse/plugins/com.st.stm32cube.ide.mcu.externaltools.gnu-tools-for-stm32.13.3.rel1.macos64_1.0.0.202411102158/tools/bin/../lib/gcc/arm-none-eabi/13.3.1/../../../../arm-none-eabi/lib/thumb/v7e-m+dp/hard/libc_nano.a(libc_a-malloc.o)
 .ARM.attributes
                0x0000048d       0x32 /Applications/STM32CubeIDE.app/Contents/Eclipse/plugins/com.st.stm32cube.ide.mcu.externaltools.gnu-tools-for-stm32.13.3.rel1.macos64_1.0.0.202411102158/tools/bin/../lib/gcc/arm-none-eabi/13.3.1/../../../../arm-none-eabi/lib/thumb/v7e-m+dp/hard/libc_nano.a(libc_a-mallocr.o)
 .ARM.attributes
                0x000004bf       0x32 /Applications/STM32CubeIDE.app/Contents/Eclipse/plugins/com.st.stm32cube.ide.mcu.externaltools.gnu-tools-for-stm32.13.3.rel1.macos64_1.0.0.202411102158/tools/bin/../lib/gcc/arm-none-eabi/13.3.1/../../../../arm-none-eabi/lib/thumb/v7e-m+dp/hard/libc_nano.a(libc_a-mlock.o)
 .ARM.attributes
                0x000004f1       0x32 /Applications/STM32CubeIDE.app/Contents/Eclipse/plugins/com.st.stm32cube.ide.mcu.externaltools.gnu-tools-for-stm32.13.3.rel1.macos64_1.0.0.202411102158/tools/bin/../lib/gcc/arm-none-eabi/13.3.1/../../../../arm-none-eabi/lib/thumb/v7e-m+dp/hard/libc_nano.a(libc_a-findfp.o)
 .ARM.attributes
                0x00000523       0x32 /Applications/STM32CubeIDE.app/Contents/Eclipse/plugins/com.st.stm32cube.ide.mcu.externaltools.gnu-tools-for-stm32.13.3.rel1.macos64_1.0.0.202411102158/tools/bin/../lib/gcc/arm-none-eabi/13.3.1/../../../../arm-none-eabi/lib/thumb/v7e-m+dp/hard/libc_nano.a(libc_a-memset.o)
 .ARM.attributes
                0x00000555       0x32 /Applications/STM32CubeIDE.app/Contents/Eclipse/plugins/com.st.stm32cube.ide.mcu.externaltools.gnu-tools-for-stm32.13.3.rel1.macos64_1.0.0.202411102158/tools/bin/../lib/gcc/arm-none-eabi/13.3.1/../../../../arm-none-eabi/lib/thumb/v7e-m+dp/hard/libc_nano.a(libc_a-sbrkr.o)
 .ARM.attributes
                0x00000587       0x32 /Applications/STM32CubeIDE.app/Contents/Eclipse/plugins/com.st.stm32cube.ide.mcu.externaltools.gnu-tools-for-stm32.13.3.rel1.macos64_1.0.0.202411102158/tools/bin/../lib/gcc/arm-none-eabi/13.3.1/../../../../arm-none-eabi/lib/thumb/v7e-m+dp/hard/libc_nano.a(libc_a-errno.o)
 .ARM.attributes
                0x000005b9       0x32 /Applications/STM32CubeIDE.app/Contents/Eclipse/plugins/com.st.stm32cube.ide.mcu.externaltools.gnu-tools-for-stm32.13.3.rel1.macos64_1.0.0.202411102158/tools/bin/../lib/gcc/arm-none-eabi/13.3.1/../../../../arm-none-eabi/lib/thumb/v7e-m+dp/hard/libc_nano.a(libc_a-init.o)
 .ARM.attributes
                0x000005eb       0x32 /Applications/STM32CubeIDE.app/Contents/Eclipse/plugins/com.st.stm32cube.ide.mcu.externaltools.gnu-tools-for-stm32.13.3.rel1.macos64_1.0.0.202411102158/tools/bin/../lib/gcc/arm-none-eabi/13.3.1/../../../../arm-none-eabi/lib/thumb/v7e-m+dp/hard/libc_nano.a(libc_a-lock.o)
 .ARM.attributes
                0x0000061d       0x32 /Applications/STM32CubeIDE.app/Contents/Eclipse/plugins/com.st.stm32cube.ide.mcu.externaltools.gnu-tools-for-stm32.13.3.rel1.macos64_1.0.0.202411102158/tools/bin/../lib/gcc/arm-none-eabi/13.3.1/../../../../arm-none-eabi/lib/thumb/v7e-m+dp/hard/libc_nano.a(libc_a-reent.o)
 .ARM.attributes
                0x0000064f       0x32 /Applications/STM32CubeIDE.app/Contents/Eclipse/plugins/com.st.stm32cube.ide.mcu.externaltools.gnu-tools-for-stm32.13.3.rel1.macos64_1.0.0.202411102158/tools/bin/../lib/gcc/arm-none-eabi/13.3.1/../../../../arm-none-eabi/lib/thumb/v7e-m+dp/hard/libc_nano.a(libc_a-impure.o)
 .ARM.attributes
                0x00000681       0x32 /Applications/STM32CubeIDE.app/Contents/Eclipse/plugins/com.st.stm32cube.ide.mcu.externaltools.gnu-tools-for-stm32.13.3.rel1.macos64_1.0.0.202411102158/tools/bin/../lib/gcc/arm-none-eabi/13.3.1/../../../../arm-none-eabi/lib/thumb/v7e-m+dp/hard/libc_nano.a(libc_a-freer.o)
 .ARM.attributes
                0x000006b3       0x32 /Applications/STM32CubeIDE.app/Contents/Eclipse/plugins/com.st.stm32cube.ide.mcu.externaltools.gnu-tools-for-stm32.13.3.rel1.macos64_1.0.0.202411102158/tools/bin/../lib/gcc/arm-none-eabi/13.3.1/../../../../arm-none-eabi/lib/thumb/v7e-m+dp/hard/libm.a(libm_a-log.o)
 .ARM.attributes
                0x000006e5       0x32 /Applications/STM32CubeIDE.app/Contents/Eclipse/plugins/com.st.stm32cube.ide.mcu.externaltools.gnu-tools-for-stm32.13.3.rel1.macos64_1.0.0.202411102158/tools/bin/../lib/gcc/arm-none-eabi/13.3.1/../../../../arm-none-eabi/lib/thumb/v7e-m+dp/hard/libm.a(libm_a-log_data.o)
 .ARM.attributes
                0x00000717       0x32 /Applications/STM32CubeIDE.app/Contents/Eclipse/plugins/com.st.stm32cube.ide.mcu.externaltools.gnu-tools-for-stm32.13.3.rel1.macos64_1.0.0.202411102158/tools/bin/../lib/gcc/arm-none-eabi/13.3.1/../../../../arm-none-eabi/lib/thumb/v7e-m+dp/hard/libm.a(libm_a-w_log10.o)
 .ARM.attributes
                0x00000749       0x32 /Applications/STM32CubeIDE.app/Contents/Eclipse/plugins/com.st.stm32cube.ide.mcu.externaltools.gnu-tools-for-stm32.13.3.rel1.macos64_1.0.0.202411102158/tools/bin/../lib/gcc/arm-none-eabi/13.3.1/../../../../arm-none-eabi/lib/thumb/v7e-m+dp/hard/libm.a(libm_a-pow.o)
 .ARM.attributes
                0x0000077b       0x32 /Applications/STM32CubeIDE.app/Contents/Eclipse/plugins/com.st.stm32cube.ide.mcu.externaltools.gnu-tools-for-stm32.13.3.rel1.macos64_1.0.0.202411102158/tools/bin/../lib/gcc/arm-none-eabi/13.3.1/../../../../arm-none-eabi/lib/thumb/v7e-m+dp/hard/libm.a(libm_a-pow_log_data.o)
 .ARM.attributes
                0x000007ad       0x32 /Applications/STM32CubeIDE.app/Contents/Eclipse/plugins/com.st.stm32cube.ide.mcu.externaltools.gnu-tools-for-stm32.13.3.rel1.macos64_1.0.0.202411102158/tools/bin/../lib/gcc/arm-none-eabi/13.3.1/../../../../arm-none-eabi/lib/thumb/v7e-m+dp/hard/libm.a(libm_a-w_sqrt.o)
 .ARM.attributes
                0x000007df       0x32 /Applications/STM32CubeIDE.app/Contents/Eclipse/plugins/com.st.stm32cube.ide.mcu.externaltools.gnu-tools-for-stm32.13.3.rel1.macos64_1.0.0.202411102158/tools/bin/../lib/gcc/arm-none-eabi/13.3.1/../../../../arm-none-eabi/lib/thumb/v7e-m+dp/hard/libm.a(libm_a-e_sqrt.o)
 .ARM.attributes
                0x00000811       0x32 /Applications/STM32CubeIDE.app/Contents/Eclipse/plugins/com.st.stm32cube.ide.mcu.externaltools.gnu-tools-for-stm32.13.3.rel1.macos64_1.0.0.202411102158/tools/bin/../lib/gcc/arm-none-eabi/13.3.1/../../../../arm-none-eabi/lib/thumb/v7e-m+dp/hard/libm.a(libm_a-s_nan.o)
 .ARM.attributes
                0x00000843       0x32 /Applications/STM32CubeIDE.app/Contents/Eclipse/plugins/com.st.stm32cube.ide.mcu.externaltools.gnu-tools-for-stm32.13.3.rel1.macos64_1.0.0.202411102158/tools/bin/../lib/gcc/arm-none-eabi/13.3.1/../../../../arm-none-eabi/lib/thumb/v7e-m+dp/hard/libm.a(libm_a-e_log10.o)
 .ARM.attributes
                0x00000875       0x32 /Applications/STM32CubeIDE.app/Contents/Eclipse/plugins/com.st.stm32cube.ide.mcu.externaltools.gnu-tools-for-stm32.13.3.rel1.macos64_1.0.0.202411102158/tools/bin/../lib/gcc/arm-none-eabi/13.3.1/../../../../arm-none-eabi/lib/thumb/v7e-m+dp/hard/libm.a(libm_a-exp_data.o)
 .ARM.attributes
                0x000008a7       0x32 /Applications/STM32CubeIDE.app/Contents/Eclipse/plugins/com.st.stm32cube.ide.mcu.externaltools.gnu-tools-for-stm32.13.3.rel1.macos64_1.0.0.202411102158/tools/bin/../lib/gcc/arm-none-eabi/13.3.1/../../../../arm-none-eabi/lib/thumb/v7e-m+dp/hard/libm.a(libm_a-math_err.o)
 .ARM.attributes
                0x000008d9       0x20 /Applications/STM32CubeIDE.app/Contents/Eclipse/plugins/com.st.stm32cube.ide.mcu.externaltools.gnu-tools-for-stm32.13.3.rel1.macos64_1.0.0.202411102158/tools/bin/../lib/gcc/arm-none-eabi/13.3.1/thumb/v7e-m+dp/hard/libgcc.a(_aeabi_ldivmod.o)
 .ARM.attributes
                0x000008f9       0x20 /Applications/STM32CubeIDE.app/Contents/Eclipse/plugins/com.st.stm32cube.ide.mcu.externaltools.gnu-tools-for-stm32.13.3.rel1.macos64_1.0.0.202411102158/tools/bin/../lib/gcc/arm-none-eabi/13.3.1/thumb/v7e-m+dp/hard/libgcc.a(_aeabi_uldivmod.o)
 .ARM.attributes
                0x00000919       0x32 /Applications/STM32CubeIDE.app/Contents/Eclipse/plugins/com.st.stm32cube.ide.mcu.externaltools.gnu-tools-for-stm32.13.3.rel1.macos64_1.0.0.202411102158/tools/bin/../lib/gcc/arm-none-eabi/13.3.1/thumb/v7e-m+dp/hard/libgcc.a(_udivmoddi4.o)
 .ARM.attributes
                0x0000094b       0x20 /Applications/STM32CubeIDE.app/Contents/Eclipse/plugins/com.st.stm32cube.ide.mcu.externaltools.gnu-tools-for-stm32.13.3.rel1.macos64_1.0.0.202411102158/tools/bin/../lib/gcc/arm-none-eabi/13.3.1/thumb/v7e-m+dp/hard/libgcc.a(_dvmd_tls.o)
 .ARM.attributes
                0x0000096b       0x20 /Applications/STM32CubeIDE.app/Contents/Eclipse/plugins/com.st.stm32cube.ide.mcu.externaltools.gnu-tools-for-stm32.13.3.rel1.macos64_1.0.0.202411102158/tools/bin/../lib/gcc/arm-none-eabi/13.3.1/thumb/v7e-m+dp/hard/crtn.o
OUTPUT(rhd2164_acquisition.elf elf32-littlearm)
LOAD linker stubs
LOAD /Applications/STM32CubeIDE.app/Contents/Eclipse/plugins/com.st.stm32cube.ide.mcu.externaltools.gnu-tools-for-stm32.13.3.rel1.macos64_1.0.0.202411102158/tools/bin/../lib/gcc/arm-none-eabi/13.3.1/../../../../arm-none-eabi/lib/thumb/v7e-m+dp/hard/libc.a
LOAD /Applications/STM32CubeIDE.app/Contents/Eclipse/plugins/com.st.stm32cube.ide.mcu.externaltools.gnu-tools-for-stm32.13.3.rel1.macos64_1.0.0.202411102158/tools/bin/../lib/gcc/arm-none-eabi/13.3.1/../../../../arm-none-eabi/lib/thumb/v7e-m+dp/hard/libm.a
LOAD /Applications/STM32CubeIDE.app/Contents/Eclipse/plugins/com.st.stm32cube.ide.mcu.externaltools.gnu-tools-for-stm32.13.3.rel1.macos64_1.0.0.202411102158/tools/bin/../lib/gcc/arm-none-eabi/13.3.1/thumb/v7e-m+dp/hard/libgcc.a

.debug_info     0x00000000    0x1c6b2
 .debug_info    0x00000000     0x2b15 ./Core/Src/main.o
 .debug_info    0x00002b15     0x1d8a ./Core/Src/rhdinterface.o
 .debug_info    0x0000489f      0xc67 ./Core/Src/rhdregisters.o
 .debug_info    0x00005506     0x1f8a ./Core/Src/stm32h7xx_hal_msp.o
 .debug_info    0x00007490     0x114d ./Core/Src/stm32h7xx_it.o
 .debug_info    0x000085dd      0x164 ./Core/Src/sysmem.o
 .debug_info    0x00008741      0xb2a ./Core/Src/system_stm32h7xx.o
 .debug_info    0x0000926b     0x143e ./Core/Src/userfunctions.o
 .debug_info    0x0000a6a9       0x30 ./Core/Startup/startup_stm32h723zgtx.o
 .debug_info    0x0000a6d9     0x1694 ./Drivers/STM32H7xx_HAL_Driver/Src/stm32h7xx_hal.o
 .debug_info    0x0000bd6d     0x10a1 ./Drivers/STM32H7xx_HAL_Driver/Src/stm32h7xx_hal_cortex.o
 .debug_info    0x0000ce0e      0xb6d ./Drivers/STM32H7xx_HAL_Driver/Src/stm32h7xx_hal_dma.o
 .debug_info    0x0000d97b      0xc67 ./Drivers/STM32H7xx_HAL_Driver/Src/stm32h7xx_hal_gpio.o
 .debug_info    0x0000e5e2      0xdca ./Drivers/STM32H7xx_HAL_Driver/Src/stm32h7xx_hal_pwr_ex.o
 .debug_info    0x0000f3ac      0xd7e ./Drivers/STM32H7xx_HAL_Driver/Src/stm32h7xx_hal_rcc.o
 .debug_info    0x0001012a     0x1207 ./Drivers/STM32H7xx_HAL_Driver/Src/stm32h7xx_hal_rcc_ex.o
 .debug_info    0x00011331     0x1446 ./Drivers/STM32H7xx_HAL_Driver/Src/stm32h7xx_hal_spi.o
 .debug_info    0x00012777     0x2baa ./Drivers/STM32H7xx_HAL_Driver/Src/stm32h7xx_hal_tim.o
 .debug_info    0x00015321     0x18bd ./Drivers/STM32H7xx_HAL_Driver/Src/stm32h7xx_hal_tim_ex.o
 .debug_info    0x00016bde     0x4b19 ./Drivers/STM32H7xx_HAL_Driver/Src/stm32h7xx_hal_uart.o
 .debug_info    0x0001b6f7      0xfbb ./Drivers/STM32H7xx_HAL_Driver/Src/stm32h7xx_hal_uart_ex.o

.debug_abbrev   0x00000000     0x33e7
 .debug_abbrev  0x00000000      0x383 ./Core/Src/main.o
 .debug_abbrev  0x00000383      0x3fb ./Core/Src/rhdinterface.o
 .debug_abbrev  0x0000077e      0x28e ./Core/Src/rhdregisters.o
 .debug_abbrev  0x00000a0c      0x275 ./Core/Src/stm32h7xx_hal_msp.o
 .debug_abbrev  0x00000c81      0x219 ./Core/Src/stm32h7xx_it.o
 .debug_abbrev  0x00000e9a       0xba ./Core/Src/sysmem.o
 .debug_abbrev  0x00000f54      0x138 ./Core/Src/system_stm32h7xx.o
 .debug_abbrev  0x0000108c      0x3b0 ./Core/Src/userfunctions.o
 .debug_abbrev  0x0000143c       0x24 ./Core/Startup/startup_stm32h723zgtx.o
 .debug_abbrev  0x00001460      0x29c ./Drivers/STM32H7xx_HAL_Driver/Src/stm32h7xx_hal.o
 .debug_abbrev  0x000016fc      0x337 ./Drivers/STM32H7xx_HAL_Driver/Src/stm32h7xx_hal_cortex.o
 .debug_abbrev  0x00001a33      0x246 ./Drivers/STM32H7xx_HAL_Driver/Src/stm32h7xx_hal_dma.o