../Core/Inc/rhdinterface.h:145:20:write_pin	1
../Core/Inc/userfunctions.h:86:20:wait_ms	1
../Core/Inc/userfunctions.h:97:20:enable_interrupt_timer	2
../Core/Src/main.c:118:5:main	2
../Core/Src/main.c:267:6:SystemClock_Config	4
../Core/Src/main.c:325:6:PeriphCommonClock_Config	2
../Core/Src/main.c:353:13:MX_SPI1_Init	2
../Core/Src/main.c:400:13:MX_SPI2_Init	2
../Core/Src/main.c:447:13:MX_SPI3_Init	2
../Core/Src/main.c:495:13:MX_SPI4_Init	2
../Core/Src/main.c:542:13:MX_TIM1_Init	9
../Core/Src/main.c:637:13:MX_TIM2_Init	7
../Core/Src/main.c:703:13:MX_TIM3_Init	4
../Core/Src/main.c:751:13:MX_TIM8_Init	9
../Core/Src/main.c:843:13:MX_USART3_UART_Init	5
../Core/Src/main.c:889:13:MX_DMA_Init	1
../Core/Src/main.c:919:13:MX_GPIO_Init	1
../Core/Src/main.c:1074:6:Error_Handler	1
