../Core/Inc/rhdinterface.h:141:20:write_pin	24	static
../Core/Inc/userfunctions.h:84:20:wait_ms	16	static
../Core/Inc/userfunctions.h:95:20:enable_interrupt_timer	16	static
../Core/Src/main.c:110:5:main	432	static
../Core/Src/main.c:241:6:SystemClock_Config	120	static
../Core/Src/main.c:299:6:PeriphCommonClock_Config	192	static
../Core/Src/main.c:326:13:MX_SPI1_Init	8	static
../Core/Src/main.c:373:13:MX_SPI3_Init	8	static
../Core/Src/main.c:421:13:MX_TIM1_Init	136	static
../Core/Src/main.c:513:13:MX_TIM2_Init	72	static
../Core/Src/main.c:580:13:MX_TIM3_Init	48	static
../Core/Src/main.c:628:13:MX_USART3_UART_Init	8	static
../Core/Src/main.c:674:13:MX_DMA_Init	16	static
../Core/Src/main.c:698:13:MX_GPIO_Init	56	static
../Core/Src/main.c:853:6:Error_Handler	4	static,ignoring_inline_asm
