../Core/Inc/rhdinterface.h:141:20:write_pin	24	static
../Core/Inc/userfunctions.h:84:20:wait_ms	16	static
../Core/Inc/userfunctions.h:95:20:enable_interrupt_timer	16	static
../Core/Src/main.c:112:5:main	432	static
../Core/Src/main.c:247:6:SystemClock_Config	120	static
../Core/Src/main.c:305:6:PeriphCommonClock_Config	192	static
../Core/Src/main.c:332:13:MX_SPI1_Init	8	static
../Core/Src/main.c:379:13:MX_SPI3_Init	8	static
../Core/Src/main.c:427:13:MX_TIM1_Init	136	static
../Core/Src/main.c:519:13:MX_TIM2_Init	72	static
../Core/Src/main.c:585:13:MX_TIM3_Init	48	static
../Core/Src/main.c:633:13:MX_TIM8_Init	136	static
../Core/Src/main.c:725:13:MX_USART3_UART_Init	8	static
../Core/Src/main.c:771:13:MX_DMA_Init	16	static
../Core/Src/main.c:795:13:MX_GPIO_Init	56	static
../Core/Src/main.c:950:6:Error_Handler	4	static,ignoring_inline_asm
