../Core/Inc/rhdinterface.h:145:20:write_pin	1
../Core/Inc/userfunctions.h:86:20:wait_ms	1
../Core/Inc/userfunctions.h:97:20:enable_interrupt_timer	2
../Core/Src/main.c:116:5:main	2
../Core/Src/main.c:264:6:SystemClock_Config	4
../Core/Src/main.c:322:6:PeriphCommonClock_Config	2
../Core/Src/main.c:350:13:MX_SPI1_Init	2
../Core/Src/main.c:397:13:MX_SPI2_Init	2
../Core/Src/main.c:444:13:MX_SPI3_Init	2
../Core/Src/main.c:492:13:MX_SPI4_Init	2
../Core/Src/main.c:539:13:MX_TIM1_Init	9
../Core/Src/main.c:634:13:MX_TIM2_Init	7
../Core/Src/main.c:700:13:MX_TIM3_Init	4
../Core/Src/main.c:748:13:MX_USART3_UART_Init	5
../Core/Src/main.c:794:13:MX_DMA_Init	1
../Core/Src/main.c:824:13:MX_GPIO_Init	1
../Core/Src/main.c:987:6:Error_Handler	1
