../Core/Inc/rhdinterface.h:145:20:write_pin	24	static
../Core/Src/rhdinterface.c:78:6:sample_interrupt_routine	8	static
../Core/Src/rhdinterface.c:119:6:cycle_aux_commands	16	static
../Core/Src/rhdinterface.c:137:6:transfer_sequence_spi_dma	8	static
../Core/Src/rhdinterface.c:176:6:allocate_sample_memory	16	static
../Core/Src/rhdinterface.c:191:6:free_sample_memory	8	static
../Core/Src/rhdinterface.c:204:6:initialize_spi_with_dma	4	static
../Core/Src/rhdinterface.c:270:6:end_spi_with_dma	4	static
../Core/Src/rhdinterface.c:281:6:initialize_ddr_sclk_timers	8	static
../Core/Src/rhdinterface.c:297:6:end_ddr_sclk_timers	8	static
../Core/Src/rhdinterface.c:317:6:handle_comm_error	24	static
../Core/Src/rhdinterface.c:341:6:spi_rx_cplt_callback	8	static
../Core/Src/rhdinterface.c:372:10:morton_deinterleave	16	static
../Core/Src/rhdinterface.c:384:6:extract_ddr_words	24	static
../Core/Src/rhdinterface.c:409:6:spi_error_callback	4	static
../Core/Src/rhdinterface.c:419:6:write_initial_reg_values	72	static
../Core/Src/rhdinterface.c:452:8:calculate_sample_rate	48	static
../Core/Src/rhdinterface.c:489:6:create_convert_sequence	24	static
../Core/Src/rhdinterface.c:512:5:create_command_list_RHD_register_config	48	static
../Core/Src/rhdinterface.c:580:5:create_command_list_RHD_sample_aux_ins	32	static
../Core/Src/rhdinterface.c:610:5:create_command_list_RHD_update_DigOut	40	static
../Core/Src/rhdinterface.c:626:5:create_command_list_dummy	32	static
../Core/Src/rhdinterface.c:642:5:create_command_list_zcheck_DAC	72	static
../Core/Src/rhdinterface.c:688:6:send_spi_command	24	static
../Core/Src/rhdinterface.c:699:6:send_receive_spi_command	48	static
../Core/Src/rhdinterface.c:735:6:HAL_SPI_RxCpltCallback	16	static
../Core/Src/rhdinterface.c:744:6:HAL_SPI_ErrorCallback	16	static
../Core/Src/rhdinterface.c:751:6:HAL_UART_TxCpltCallback	16	static
