../Core/Inc/rhdinterface.h:145:20:write_pin	24	static
../Core/Src/rhdinterface.c:78:6:sample_interrupt_routine	8	static
../Core/Src/rhdinterface.c:119:6:cycle_aux_commands	16	static
../Core/Src/rhdinterface.c:137:6:transfer_sequence_spi_dma	8	static
../Core/Src/rhdinterface.c:176:6:allocate_sample_memory	16	static
../Core/Src/rhdinterface.c:191:6:free_sample_memory	8	static
../Core/Src/rhdinterface.c:204:6:initialize_spi_with_dma	4	static
../Core/Src/rhdinterface.c:270:6:end_spi_with_dma	4	static
../Core/Src/rhdinterface.c:281:6:initialize_ddr_sclk_timers	8	static
../Core/Src/rhdinterface.c:297:6:end_ddr_sclk_timers	8	static
../Core/Src/rhdinterface.c:317:6:handle_comm_error	24	static
../Core/Src/rhdinterface.c:341:6:spi_rx_cplt_callback_1	8	static
../Core/Src/rhdinterface.c:375:6:spi_rx_cplt_callback_2	8	static
../Core/Src/rhdinterface.c:398:10:morton_deinterleave	16	static
../Core/Src/rhdinterface.c:410:6:extract_ddr_words	24	static
../Core/Src/rhdinterface.c:432:6:spi_error_callback	4	static
../Core/Src/rhdinterface.c:442:6:write_initial_reg_values	72	static
../Core/Src/rhdinterface.c:475:8:calculate_sample_rate	48	static
../Core/Src/rhdinterface.c:512:6:create_convert_sequence	24	static
../Core/Src/rhdinterface.c:535:5:create_command_list_RHD_register_config	48	static
../Core/Src/rhdinterface.c:603:5:create_command_list_RHD_sample_aux_ins	32	static
../Core/Src/rhdinterface.c:633:5:create_command_list_RHD_update_DigOut	40	static
../Core/Src/rhdinterface.c:649:5:create_command_list_dummy	32	static
../Core/Src/rhdinterface.c:665:5:create_command_list_zcheck_DAC	72	static
../Core/Src/rhdinterface.c:711:6:send_spi_command	24	static
../Core/Src/rhdinterface.c:722:6:send_receive_spi_command	40	static
../Core/Src/rhdinterface.c:760:6:HAL_SPI_RxCpltCallback	16	static
../Core/Src/rhdinterface.c:773:6:HAL_SPI_ErrorCallback	16	static
../Core/Src/rhdinterface.c:780:6:HAL_UART_TxCpltCallback	16	static
