../Core/Src/userfunctions.c:42:5:loop_escape	4	static
../Core/Src/userfunctions.c:55:6:write_data_to_memory	4	static
../Core/Src/userfunctions.c:84:6:transmit_data_realtime	40	static
../Core/Src/userfunctions.c:138:6:transmit_data_offline	32	static
../Core/Src/userfunctions.c:187:6:configure_registers	16	static
../Core/Src/userfunctions.c:210:6:configure_convert_commands	8	static
../Core/Src/userfunctions.c:228:6:configure_aux_commands	16	static
../Core/Src/userfunctions.c:263:6:transmit_dma_to_usart	16	static
